###############################################################################
#
# IAR ELF Linker V8.32.2.178/W32 for ARM                  01/Feb/2019  11:17:22
# Copyright 2007-2018 IAR Systems AB.
#
#    Output file  =  
#        C:\Users\Fabio\Desktop\WSNBP\my_conn_rep_test\Connectivity
#        Test\Release\Exe\Connectivity Test.out
#    Map file     =  
#        C:\Users\Fabio\Desktop\WSNBP\my_conn_rep_test\Connectivity
#        Test\Release\List\Connectivity Test.map
#    Command line =  
#        -f C:\Users\Fabio\AppData\Local\Temp\EW1903.tmp
#        ("C:\Users\Fabio\Desktop\WSNBP\my_conn_rep_test\Connectivity
#        Test\Release\Obj\connectivity_test_rx.o"
#        "C:\Users\Fabio\Desktop\WSNBP\my_conn_rep_test\Connectivity
#        Test\Release\Obj\Delay.o"
#        "C:\Users\Fabio\Desktop\WSNBP\my_conn_rep_test\Connectivity
#        Test\Release\Obj\Display.o"
#        "C:\Users\Fabio\Desktop\WSNBP\my_conn_rep_test\Connectivity
#        Test\Release\Obj\HLDrv.o"
#        "C:\Users\Fabio\Desktop\WSNBP\my_conn_rep_test\Connectivity
#        Test\Release\Obj\Init-IAR.o"
#        "C:\Users\Fabio\Desktop\WSNBP\my_conn_rep_test\Connectivity
#        Test\Release\Obj\Keyboard.o"
#        "C:\Users\Fabio\Desktop\WSNBP\my_conn_rep_test\Connectivity
#        Test\Release\Obj\Leds.o"
#        "C:\Users\Fabio\Desktop\WSNBP\my_conn_rep_test\Connectivity
#        Test\PLM\Lib\LLC.a"
#        "C:\Users\Fabio\Desktop\WSNBP\my_conn_rep_test\Connectivity
#        Test\Release\Obj\maca.o"
#        "C:\Users\Fabio\Desktop\WSNBP\my_conn_rep_test\Connectivity
#        Test\Release\Obj\MacaInterrupt.o"
#        "C:\Users\Fabio\Desktop\WSNBP\my_conn_rep_test\Connectivity
#        Test\SMAC\Drivers\Lib\MC1322x.a"
#        "C:\Users\Fabio\Desktop\WSNBP\my_conn_rep_test\Connectivity
#        Test\Release\Obj\PlatformInit.o"
#        "C:\Users\Fabio\Desktop\WSNBP\my_conn_rep_test\Connectivity
#        Test\Release\Obj\RadioManagement.o"
#        "C:\Users\Fabio\Desktop\WSNBP\my_conn_rep_test\Connectivity
#        Test\Release\Obj\SecurityMngmnt.o"
#        "C:\Users\Fabio\Desktop\WSNBP\my_conn_rep_test\Connectivity
#        Test\Release\Obj\Sound.o"
#        "C:\Users\Fabio\Desktop\WSNBP\my_conn_rep_test\Connectivity
#        Test\Release\Obj\TransceiverConfigMngmnt.o"
#        "C:\Users\Fabio\Desktop\WSNBP\my_conn_rep_test\Connectivity
#        Test\Release\Obj\TransceiverPowerMngmnt.o"
#        "C:\Users\Fabio\Desktop\WSNBP\my_conn_rep_test\Connectivity
#        Test\Release\Obj\UartUtil.o"
#        "C:\Users\Fabio\Desktop\WSNBP\my_conn_rep_test\Connectivity
#        Test\Release\Obj\WirelessLinkMngmt.o" --no_out_extension -o
#        "C:\Users\Fabio\Desktop\WSNBP\my_conn_rep_test\Connectivity
#        Test\Release\Exe\Connectivity Test.out" --redirect _Printf=_PrintfTiny
#        --redirect _Scanf=_ScanfSmallNoMb --strip --map
#        "C:\Users\Fabio\Desktop\WSNBP\my_conn_rep_test\Connectivity
#        Test\Release\List\Connectivity Test.map" --log
#        initialization,modules,sections,veneers --log_file
#        "C:\Users\Fabio\Desktop\WSNBP\my_conn_rep_test\Connectivity
#        Test\Release\List\Connectivity Test.log" --config
#        "C:\Users\Fabio\Desktop\WSNBP\my_conn_rep_test\Connectivity
#        Test\PLM\Icf\MC1322x-RAM-ROM.icf" --diag_suppress Lt010,Lt018 --entry
#        _start_vector_ --inline --vfe --text_out locale)
#
###############################################################################

*******************************************************************************
*** RUNTIME MODEL ATTRIBUTES
***

CppFlavor       = *
__SystemLibrary = DLib
__dlib_version  = 6


*******************************************************************************
*** HEAP SELECTION
***

The basic heap was selected because no calls to memory allocation
functions were found in the application outside of system library
functions, and there are calls to deallocation functions in the
application.


*******************************************************************************
*** PLACEMENT SUMMARY
***

"P1":  place in [from 0x40'0000 to 0x40'001f] { ro section .vect };
"P2":  place in [from 0x40'0900 to 0x41'7fff] { ro };
"P3":  place in [from 0x40'0900 to 0x41'7fff] { rw };
"P4":  place in [from 0x40'0020 to 0x40'005f] { section rp_vector_thumb_0 };
"P5":  place in [from 0x40'0060 to 0x40'009f] { section rp_vector_thumb_1 };
"P6":  place in [from 0x40'00a0 to 0x40'00df] { section rp_vector_thumb_2 };
"P7":  place in [from 0x40'00e0 to 0x40'011f] { section rp_vector_thumb_3 };
do not initialize { rw section .stack };
initialize by copy { rw };

No sections matched the following patterns:

  section nv_data_init_struct  in "P8"


  Section            Kind       Address    Size  Object
  -------            ----       -------    ----  ------
"P1":                                      0x20
  .vect              ro code  0x40'0000    0x20  Init-IAR.o [1]
                            - 0x40'0020    0x20

"P4":                                       0x2
  rp_vector_thumb_0  ro code  0x40'0020     0x2  rp_vector_IAR.o [2]
                            - 0x40'0022     0x2

"P5":                                      0x10
  rp_vector_thumb_1  ro code  0x40'0060    0x10  rp_vector_IAR.o [2]
                            - 0x40'0070    0x10

"P6":                                       0x2
  rp_vector_thumb_2  ro code  0x40'00a0     0x2  rp_vector_IAR.o [2]
                            - 0x40'00a2     0x2

"P7":                                       0x2
  rp_vector_thumb_3  ro code  0x40'00e0     0x2  rp_vector_IAR.o [2]
                            - 0x40'00e2     0x2

"P2-P3", part 1 of 3:                    0x4141
  Veneer             ro code  0x40'0900    0x10  - Linker created -
  Veneer             ro code  0x40'0910    0x10  - Linker created -
  Veneer             ro code  0x40'0920    0x10  - Linker created -
  Veneer             ro code  0x40'0930    0x10  - Linker created -
  Veneer             ro code  0x40'0940    0x10  - Linker created -
  Veneer             ro code  0x40'0950    0x10  - Linker created -
  Veneer             ro code  0x40'0960    0x10  - Linker created -
  Veneer             ro code  0x40'0970    0x10  - Linker created -
  Veneer             ro code  0x40'0980    0x10  - Linker created -
  Veneer             ro code  0x40'0990    0x10  - Linker created -
  Veneer             ro code  0x40'09a0    0x10  - Linker created -
  Veneer             ro code  0x40'09b0    0x10  - Linker created -
  .text              ro code  0x40'09c0  0x1378  connectivity_test_rx.o [1]
  .text              ro code  0x40'1d38    0x24  maca.o [1]
  .text              ro code  0x40'1d5c   0x178  TransceiverConfigMngmnt.o [1]
  .text              ro code  0x40'1ed4    0x44  PlatformInit.o [1]
  .text              ro code  0x40'1f18    0xac  WirelessLinkMngmt.o [1]
  Veneer             ro code  0x40'1fc4    0x10  - Linker created -
  Veneer             ro code  0x40'1fd4    0x10  - Linker created -
  Veneer             ro code  0x40'1fe4    0x10  - Linker created -
  Veneer             ro code  0x40'1ff4    0x10  - Linker created -
  Veneer             ro code  0x40'2004    0x10  - Linker created -
  Veneer             ro code  0x40'2014    0x10  - Linker created -
  .text              ro code  0x40'2024   0x106  UartUtil.o [1]
  Veneer             ro code  0x40'212c    0x10  - Linker created -
  Veneer             ro code  0x40'213c    0x10  - Linker created -
  Veneer             ro code  0x40'214c    0x10  - Linker created -
  .text              ro code  0x40'215c   0x1ae  Leds.o [1]
  Veneer             ro code  0x40'230c    0x10  - Linker created -
  Veneer             ro code  0x40'231c    0x10  - Linker created -
  Veneer             ro code  0x40'232c    0x10  - Linker created -
  .text              ro code  0x40'233c    0x48  Keyboard.o [1]
  Veneer             ro code  0x40'2384    0x10  - Linker created -
  Veneer             ro code  0x40'2394    0x10  - Linker created -
  .text              ro code  0x40'23a4   0xb3a  Display.o [1]
  .text              ro code  0x40'2ede    0x7e  lz77_init_single.o [5]
  Veneer             ro code  0x40'2f5c    0x10  - Linker created -
  .text              ro code  0x40'2f6c    0x7a  TransceiverPowerMngmnt.o [1]
  .text              ro code  0x40'2fe8    0x42  Delay.o [1]
  .text              ro code  0x40'302c   0x6c2  RadioManagement.o [1]
  Veneer             ro code  0x40'36f0     0x4  - Linker created -
  .text              ro code  0x40'36f4    0xb0  ABImemcpy.o [5]
  .text              ro code  0x40'37a4    0xf0  rif.o [3]
  Veneer             ro code  0x40'3894    0x10  - Linker created -
  Veneer             ro code  0x40'38a4    0x10  - Linker created -
  .text              ro code  0x40'38b4   0x260  Synthesizer.o [3]
  .text              ro code  0x40'3b14     0x2  RadioManagement.o [1]
  Veneer             ro code  0x40'3b18    0x10  - Linker created -
  Veneer             ro code  0x40'3b28    0x10  - Linker created -
  Veneer             ro code  0x40'3b38    0x10  - Linker created -
  Veneer             ro code  0x40'3b48    0x10  - Linker created -
  .text              ro code  0x40'3b58   0x154  Init_Utils.o [3]
  .rodata            const    0x40'3cac   0x220  Synthesizer.o [3]
  .rodata            const    0x40'3ecc   0x204  connectivity_test_rx.o [1]
  Veneer             ro code  0x40'40d0    0x10  - Linker created -
  .text              ro code  0x40'40e0   0x1e0  MacaInterrupt.o [1]
  Veneer             ro code  0x40'42c0     0xc  - Linker created -
  Veneer             ro code  0x40'42cc     0xc  - Linker created -
  .text              ro code  0x40'42d8   0x124  Init-IAR.o [1]
  .text              ro code  0x40'43fc    0x32  data_init.o [5]
  .rodata            const    0x40'4430    0xe4  rif.o [3]
  .text              ro code  0x40'4514    0x68  Init_Utils_patched.o [2]
  .text              ro code  0x40'457c     0xa  Init_Delay_patched.o [2]
  .text              ro code  0x40'4588    0x12  rp_vector_IAR.o [2]
  .rodata            const    0x40'459c    0x40  RadioManagement.o [1]
  .iar.init_table    const    0x40'45dc    0x10  - Linker created -
  .rodata            const    0x40'45ec    0x18  Display.o [1]
  .rodata            const    0x40'4604    0x14  Display.o [1]
  .rodata            const    0x40'4618    0x10  Display.o [1]
  .rodata            const    0x40'4628     0x0  lz77_init_single.o [5]
  P2-P3-1                     0x40'4628   0x419  <Init block>
    .data            inited   0x40'4628    0x30  connectivity_test_rx.o [1]
    .data            inited   0x40'4658   0x1c8  connectivity_test_rx.o [1]
    .data            inited   0x40'4820    0xb8  Display.o [1]
    .data            inited   0x40'48d8    0x18  Display.o [1]
    .data            inited   0x40'48f0    0x88  RadioManagement.o [1]
    .data            inited   0x40'4978    0x94  Synthesizer.o [3]
    .bss             inited   0x40'4a0c    0x1c  connectivity_test_rx.o [1]
    .bss             inited   0x40'4a28     0x4  Display.o [1]
    .bss             inited   0x40'4a2c     0x4  Init_Utils.o [3]
    .bss             inited   0x40'4a30     0x4  UartUtil.o [1]
    .data            inited   0x40'4a34     0x1  Display.o [1]
    .bss             inited   0x40'4a35     0x1  connectivity_test_rx.o [1]
    .bss             inited   0x40'4a36     0x1  Display.o [1]
    .bss             inited   0x40'4a37     0x1  Display.o [1]
    .bss             inited   0x40'4a38     0x1  Display.o [1]
    .bss             inited   0x40'4a39     0x2  MacaInterrupt.o [1]
    .bss             inited   0x40'4a3b     0x2  TransceiverConfigMngmnt.o [1]
    .bss             inited   0x40'4a3d     0x3  rif.o [3]
    .bss             inited   0x40'4a40     0x1  Init_Utils_patched.o [2]
                            - 0x40'4a41  0x4141

"P2-P3", part 2 of 3:                    0x1300
  .stack             uninit   0x40'4a44  0x1300  Init-IAR.o [1]
                            - 0x40'5d44  0x1300

"P2-P3", part 3 of 3:                      0xe2
  Initializer bytes  const    0x40'5d44    0xe2  <for P2-P3-1>
                            - 0x40'5e26    0xe2

Unused ranges:

       From         To      Size
       ----         --      ----
  0x40'0022  0x40'005f      0x3e
  0x40'0070  0x40'009f      0x30
  0x40'00a2  0x40'00df      0x3e
  0x40'00e2  0x40'011f      0x3e
  0x40'4a41  0x40'4a43       0x3
  0x40'5e26  0x41'7fff  0x1'21da


*******************************************************************************
*** INIT TABLE
***

          Address    Size
          -------    ----
Copy/lz77 (__iar_lz77_init_single3)
    1 source range, total size 0xe2 (21% of destination):
          0x40'5d44   0xe2
    1 destination range, total size 0x419:
          0x40'4628  0x419



*******************************************************************************
*** MODULE SUMMARY
***

    Module                     ro code  ro data  rw data
    ------                     -------  -------  -------
command line/config:
    ----------------------------------------------------
    Total:

C:\Users\Fabio\Desktop\WSNBP\my_conn_rep_test\Connectivity Test\Release\Obj: [1]
    Delay.o                         66
    Display.o                    2 874      107      216
    Init-IAR.o                     324             4 864
    Keyboard.o                      72
    Leds.o                         430
    MacaInterrupt.o                480                 2
    PlatformInit.o                  68
    RadioManagement.o            1 732       93      136
    TransceiverConfigMngmnt.o      376        1        2
    TransceiverPowerMngmnt.o       122
    UartUtil.o                     262        1        4
    WirelessLinkMngmt.o            172
    connectivity_test_rx.o       4 984      630      533
    maca.o                          36
    ----------------------------------------------------
    Total:                      11 998      832    5 757

LLC.a: [2]
    Init_Delay_patched.o            10
    Init_Utils_patched.o           104        1        1
    rp_vector_IAR.o                 40
    ----------------------------------------------------
    Total:                         154        1        1

MC1322x.a: [3]
    Init_Utils.o                   340        1        4
    Synthesizer.o                  608      576      148
    rif.o                          240      228        3
    ----------------------------------------------------
    Total:                       1 188      805      155

dl4t_tln.a: [4]
    ----------------------------------------------------
    Total:

rt4t_al.a: [5]
    ABImemcpy.o                    176
    data_init.o                     50
    lz77_init_single.o             126
    ----------------------------------------------------
    Total:                         352

    Gaps                            14        4
    Linker created                 572       16
--------------------------------------------------------
    Grand Total:                14 278    1 658    5 913


*******************************************************************************
*** ENTRY LIST
***

Entry                     Address   Size  Type      Object
-----                     -------   ----  ----      ------
.iar.init_table$$Base   0x40'45dc          --   Gb  - Linker created -
.iar.init_table$$Limit  0x40'45ec          --   Gb  - Linker created -
ACK_msg                 0x40'4658   0x10  Data  Gb  connectivity_test_rx.o [1]
Adc_GetFifoStatus {Abs}
                           0xc4c5         Code  Gb  rom-symbols-LLC.o [2]
Adc_Init {Abs}             0xc285         Code  Gb  rom-symbols-LLC.o [2]
Adc_Isr {Abs}              0xc5c9         Code  Gb  rom-symbols-LLC.o [2]
Adc_ManualRead {Abs}       0xc541         Code  Gb  rom-symbols-LLC.o [2]
Adc_ReadFifoData {Abs}     0xc495         Code  Gb  rom-symbols-LLC.o [2]
Adc_Reset {Abs}            0xc2a1         Code  Gb  rom-symbols-LLC.o [2]
Adc_SetCallback {Abs}      0xc585         Code  Gb  rom-symbols-LLC.o [2]
Adc_SetCompCtrl {Abs}      0xc41d         Code  Gb  rom-symbols-LLC.o [2]
Adc_SetConfig {Abs}        0xc30d         Code  Gb  rom-symbols-LLC.o [2]
Adc_SetConvCtrl {Abs}      0xc385         Code  Gb  rom-symbols-LLC.o [2]
Adc_SetFifoCtrl {Abs}      0xc475         Code  Gb  rom-symbols-LLC.o [2]
Adc_StartManualConv {Abs}
                           0xc4f9         Code  Gb  rom-symbols-LLC.o [2]
Asm_CbcMacEncryptDecrypt {Abs}
                           0xec61         Code  Gb  rom-symbols-LLC.o [2]
Asm_Ccm {Abs}              0xecb9         Code  Gb  rom-symbols-LLC.o [2]
Asm_CcmEncryptDecrypt {Abs}
                           0xec95         Code  Gb  rom-symbols-LLC.o [2]
Asm_CtrEncryptDecrypt {Abs}
                           0xec39         Code  Gb  rom-symbols-LLC.o [2]
CRM_2kToXtal32Switch {Abs}
                           0x3a3d         Code  Gb  rom-symbols-LLC.o [2]
CRM_BusStealingCntl {Abs}
                           0x38c5         Code  Gb  rom-symbols-LLC.o [2]
CRM_CopCntl {Abs}          0x37b9         Code  Gb  rom-symbols-LLC.o [2]
CRM_ForceCopTimeout {Abs}
                           0x3871         Code  Gb  rom-symbols-LLC.o [2]
CRM_GoToSleep {Abs}        0x364d         Code  Gb  rom-symbols-LLC.o [2]
CRM_Isr {Abs}              0x3f35         Code  Gb  rom-symbols-LLC.o [2]
CRM_ModuleEnStatus {Abs}
                           0x37ad         Code  Gb  rom-symbols-LLC.o [2]
CRM_RefXtalControl {Abs}
                           0x3979         Code  Gb  rom-symbols-LLC.o [2]
CRM_RegisterISR {Abs}      0x3ec9         Code  Gb  rom-symbols-LLC.o [2]
CRM_RingOscAbortCal {Abs}
                           0x3b71         Code  Gb  rom-symbols-LLC.o [2]
CRM_RingOscCal {Abs}       0x3ad5         Code  Gb  rom-symbols-LLC.o [2]
CRM_SetDigOutDriveStrength {Abs}
                           0x3e51         Code  Gb  rom-symbols-LLC.o [2]
CRM_SetPowerSource {Abs}
                           0x3ba5         Code  Gb  rom-symbols-LLC.o [2]
CRM_SetSPIFDriveStrength {Abs}
                           0x3e8d         Code  Gb  rom-symbols-LLC.o [2]
CRM_VRegCntl {Abs}         0x3bf5         Code  Gb  rom-symbols-LLC.o [2]
CRM_VRegTrimm {Abs}        0x3da9         Code  Gb  rom-symbols-LLC.o [2]
CRM_Wait4Irq {Abs}         0x3941         Code  Gb  rom-symbols-LLC.o [2]
CRM_WuCntl {Abs}           0x36d9         Code  Gb  rom-symbols-LLC.o [2]
CRM_Xtal32EnCallback {Abs}
                           0x3a01         Code  Gb  rom-symbols-LLC.o [2]
ClearDisplay            0x40'1d01   0x20  Code  Gb  connectivity_test_rx.o [1]
CurrentOption           0x40'463f    0x1  Data  Gb  connectivity_test_rx.o [1]
DelayMs                 0x40'2fe9   0x1e  Code  Gb  Delay.o [1]
DelayUs                 0x40'300d   0x1e  Code  Gb  Delay.o [1]
DisplayFreescaleLogo    0x40'191d  0x1ea  Code  Gb  connectivity_test_rx.o [1]
DisplayTestMode         0x40'1b09  0x140  Code  Gb  connectivity_test_rx.o [1]
FiqHandler {Abs}         0x1'0820         Code  Gb  rom-symbols-LLC.o [2]
FlashLib_Erase {Abs}       0xe4e1         Code  Gb  rom-symbols-LLC.o [2]
FlashLib_Init {Abs}        0xe3d1         Code  Gb  rom-symbols-LLC.o [2]
FlashLib_Read {Abs}        0xe429         Code  Gb  rom-symbols-LLC.o [2]
Flash_ClrStatus {Abs}      0xe5ad         Code  Gb  rom-symbols-LLC.o [2]
Flash_EnableStatusWrite {Abs}
                           0xe559         Code  Gb  rom-symbols-LLC.o [2]
Flash_EraseSector {Abs}
                           0xe63d         Code  Gb  rom-symbols-LLC.o [2]
Flash_Lock {Abs}           0xe631         Code  Gb  rom-symbols-LLC.o [2]
Flash_ReadStatus {Abs}     0xe531         Code  Gb  rom-symbols-LLC.o [2]
Flash_SetStatus {Abs}      0xe595         Code  Gb  rom-symbols-LLC.o [2]
Flash_UnlockAll {Abs}      0xe619         Code  Gb  rom-symbols-LLC.o [2]
Flash_WriteDisable {Abs}
                           0xe5f9         Code  Gb  rom-symbols-LLC.o [2]
Flash_WriteEnable {Abs}
                           0xe5f1         Code  Gb  rom-symbols-LLC.o [2]
GetCurrentChann         0x40'3ac5    0xc  Code  Gb  Synthesizer.o [3]
GetCurrentChannel       0x40'39e1   0x38  Code  Gb  Synthesizer.o [3]
GetData                 0x40'2dfb   0x2c  Code  Lc  Display.o [1]
GetStrlen               0x40'2e27   0x36  Code  Lc  Display.o [1]
GpioUart1Init           0x40'209f   0x3c  Code  Gb  UartUtil.o [1]
Gpio_EnPinHyst {Abs}       0x869d         Code  Gb  rom-symbols-LLC.o [2]
Gpio_EnPinPuKeeper {Abs}
                           0x8655         Code  Gb  rom-symbols-LLC.o [2]
Gpio_EnPinPullup {Abs}     0x85c1         Code  Gb  rom-symbols-LLC.o [2]
Gpio_GetPinData {Abs}      0x84e9         Code  Gb  rom-symbols-LLC.o [2]
Gpio_GetPinDir {Abs}       0x8411         Code  Gb  rom-symbols-LLC.o [2]
Gpio_GetPinFunction {Abs}
                           0x87fd         Code  Gb  rom-symbols-LLC.o [2]
Gpio_GetPinPullupSel {Abs}
                           0x862d         Code  Gb  rom-symbols-LLC.o [2]
Gpio_GetPinReadSource {Abs}
                           0x8599         Code  Gb  rom-symbols-LLC.o [2]
Gpio_GetPortData {Abs}     0x8461         Code  Gb  rom-symbols-LLC.o [2]
Gpio_GetPortDir {Abs}      0x835d         Code  Gb  rom-symbols-LLC.o [2]
Gpio_InitPort {Abs}        0x8275         Code  Gb  rom-symbols-LLC.o [2]
Gpio_IsPinHystEn {Abs}     0x86bd         Code  Gb  rom-symbols-LLC.o [2]
Gpio_IsPinPuKeeperEn {Abs}
                           0x8675         Code  Gb  rom-symbols-LLC.o [2]
Gpio_IsPinPullupEn {Abs}
                           0x85e1         Code  Gb  rom-symbols-LLC.o [2]
Gpio_RdPortSetting {Abs}
                           0x831d         Code  Gb  rom-symbols-LLC.o [2]
Gpio_SelectPinPullup {Abs}
                           0x8609         Code  Gb  rom-symbols-LLC.o [2]
Gpio_SetPinData {Abs}      0x8481         Code  Gb  rom-symbols-LLC.o [2]
Gpio_SetPinDir {Abs}       0x83a9         Code  Gb  rom-symbols-LLC.o [2]
Gpio_SetPinFunction {Abs}
                           0x876d         Code  Gb  rom-symbols-LLC.o [2]
Gpio_SetPinReadSource {Abs}
                           0x8575         Code  Gb  rom-symbols-LLC.o [2]
Gpio_SetPortData {Abs}     0x8435         Code  Gb  rom-symbols-LLC.o [2]
Gpio_SetPortDir {Abs}      0x837d         Code  Gb  rom-symbols-LLC.o [2]
Gpio_SetPortFunction {Abs}
                           0x86e5         Code  Gb  rom-symbols-LLC.o [2]
Gpio_TogglePin {Abs}       0x850d         Code  Gb  rom-symbols-LLC.o [2]
Gpio_WrPortSetting {Abs}
                           0x82d9         Code  Gb  rom-symbols-LLC.o [2]
I2c_CancelTransfer {Abs}
                           0x4b5d         Code  Gb  rom-symbols-LLC.o [2]
I2c_Disable {Abs}          0x49f9         Code  Gb  rom-symbols-LLC.o [2]
I2c_Enable {Abs}           0x49c5         Code  Gb  rom-symbols-LLC.o [2]
I2c_GetStatus {Abs}        0x4b45         Code  Gb  rom-symbols-LLC.o [2]
I2c_Init {Abs}             0x497d         Code  Gb  rom-symbols-LLC.o [2]
I2c_Isr {Abs}              0x4e29         Code  Gb  rom-symbols-LLC.o [2]
I2c_ReceiveData {Abs}      0x4ced         Code  Gb  rom-symbols-LLC.o [2]
I2c_RecoverBus {Abs}       0x4a41         Code  Gb  rom-symbols-LLC.o [2]
I2c_SendData {Abs}         0x4bdd         Code  Gb  rom-symbols-LLC.o [2]
I2c_SetCallbackFunction {Abs}
                           0x4aa9         Code  Gb  rom-symbols-LLC.o [2]
I2c_SetConfig {Abs}        0x4ac1         Code  Gb  rom-symbols-LLC.o [2]
ITC_DisableInterrupt {Abs}
                           0xffe1         Code  Gb  rom-symbols-LLC.o [2]
ITC_EnableInterrupt {Abs}
                           0xffc5         Code  Gb  rom-symbols-LLC.o [2]
ITC_Init {Abs}             0xfe9d         Code  Gb  rom-symbols-LLC.o [2]
ITC_SetIrqMinimumLevel {Abs}
                           0xfffd         Code  Gb  rom-symbols-LLC.o [2]
ITC_SetPriority {Abs}      0xfee9         Code  Gb  rom-symbols-LLC.o [2]
InitDisplayWrite        0x40'2d6b   0x42  Code  Lc  Display.o [1]
InitExecuteEntry        0x40'4515   0x68  Code  Gb  Init_Utils_patched.o [2]
InitFromFlash {Abs}        0xf97d         Code  Gb  rom-symbols-LLC.o [2]
InitFromMemory {Abs}       0xfaa5         Code  Gb  rom-symbols-LLC.o [2]
InitRifModuleVars       0x40'3881    0xe  Code  Gb  rif.o [3]
Init_Delay              0x40'457d         Code  Gb  Init_Delay_patched.o [2]
IntAssignHandler {Abs}     0xff25         Code  Gb  rom-symbols-LLC.o [2]
IntDisableAll {Abs}      0x1'07f8         Code  Gb  rom-symbols-LLC.o [2]
IntDisableFIQ {Abs}      0x1'07e0         Code  Gb  rom-symbols-LLC.o [2]
IntDisableIRQ {Abs}      0x1'07c8         Code  Gb  rom-symbols-LLC.o [2]
IntGetHandler {Abs}        0xff69         Code  Gb  rom-symbols-LLC.o [2]
IntRestoreAll {Abs}      0x1'07b0         Code  Gb  rom-symbols-LLC.o [2]
IntRestoreFIQ {Abs}      0x1'0780         Code  Gb  rom-symbols-LLC.o [2]
IntRestoreIRQ {Abs}      0x1'0798         Code  Gb  rom-symbols-LLC.o [2]
InterruptInit {Abs}        0xfe85         Code  Gb  rom-symbols-LLC.o [2]
IrqHandler {Abs}         0x1'0810         Code  Gb  rom-symbols-LLC.o [2]
KbGpioInit              0x40'233d   0x48  Code  Gb  Keyboard.o [1]
LCD_ClearDisplay        0x40'2593   0x90  Code  Gb  Display.o [1]
LCD_ClearDisplay::linesToClear
                        0x40'4a38    0x1  Data  Lc  Display.o [1]
LCD_ClearLine           0x40'2c6d   0x82  Code  Gb  Display.o [1]
LCD_ClearLine::isPageDeleted
                        0x40'4a34    0x1  Data  Lc  Display.o [1]
LCD_ClearLine::pageToDelete
                        0x40'4a28    0x4  Data  Lc  Display.o [1]
LCD_ClearPage           0x40'2c33   0x3a  Code  Gb  Display.o [1]
LCD_DrawIcon            0x40'2e5d   0x82  Code  Gb  Display.o [1]
LCD_Init                0x40'23a5  0x1ee  Code  Gb  Display.o [1]
LCD_SetBacklight        0x40'2a29   0x26  Code  Gb  Display.o [1]
LCD_SetFont             0x40'2a01   0x22  Code  Gb  Display.o [1]
LCD_WriteCharacter      0x40'2b33  0x100  Code  Gb  Display.o [1]
LCD_WriteCommand        0x40'2955   0x56  Code  Gb  Display.o [1]
LCD_WriteData           0x40'29ab   0x56  Code  Gb  Display.o [1]
LCD_WritePixel          0x40'2a4f   0xe4  Code  Gb  Display.o [1]
LCD_WriteStringValue    0x40'2695  0x2a6  Code  Gb  Display.o [1]
LCD_WriteString_NormalFont
                        0x40'2623   0x62  Code  Gb  Display.o [1]
LED_Init                0x40'215d   0x18  Code  Gb  Leds.o [1]
LED_SetHex              0x40'22cd   0x3e  Code  Gb  Leds.o [1]
LED_ToggleLed           0x40'220f   0x32  Code  Gb  Leds.o [1]
LED_TurnOffAllLeds      0x40'22b5    0xc  Code  Gb  Leds.o [1]
LED_TurnOffLed          0x40'2241   0x3a  Code  Gb  Leds.o [1]
LED_TurnOnAllLeds       0x40'22c1    0xc  Code  Gb  Leds.o [1]
LED_TurnOnLed           0x40'227b   0x3a  Code  Gb  Leds.o [1]
LEDs_Flash              0x40'1229   0x2c  Code  Gb  connectivity_test_rx.o [1]
LEDs_LQI_indication     0x40'18d1   0x3a  Code  Gb  connectivity_test_rx.o [1]
LoadPRBS9               0x40'1255   0x70  Code  Gb  connectivity_test_rx.o [1]
MACA_Interrupt          0x40'4159  0x140  Code  Gb  MacaInterrupt.o [1]
MCPSDataRequest         0x40'1f19   0x1e  Code  Gb  WirelessLinkMngmt.o [1]
MLMEEnergyDetect        0x40'1f6f   0x24  Code  Gb  WirelessLinkMngmt.o [1]
MLMEGetPromiscuousMode  0x40'1df1    0x6  Code  Gb  TransceiverConfigMngmnt.o [1]
MLMELinkQuality         0x40'1f93   0x12  Code  Gb  WirelessLinkMngmt.o [1]
MLMEPAOutputAdjust      0x40'1fa5   0x18  Code  Gb  WirelessLinkMngmt.o [1]
MLMEPHYXtalAdjust       0x40'1d5d   0x4e  Code  Gb  TransceiverConfigMngmnt.o [1]
MLMERXEnableRequest     0x40'1f59    0xe  Code  Gb  WirelessLinkMngmt.o [1]
MLMERadioInit           0x40'1df7   0x98  Code  Gb  TransceiverConfigMngmnt.o [1]
MLMERadioInit::i        0x40'4a3c    0x1  Data  Lc  TransceiverConfigMngmnt.o [1]
MLMESetChannelRequest   0x40'1f37   0x22  Code  Gb  WirelessLinkMngmt.o [1]
MLMESetWakeupSource     0x40'2f6d   0x7a  Code  Gb  TransceiverPowerMngmnt.o [1]
MLMETestMode            0x40'1dab   0x46  Code  Gb  TransceiverConfigMngmnt.o [1]
Main                    0x40'09c1   0x2a  Code  Gb  connectivity_test_rx.o [1]
NVM_BlankCheck {Abs}       0x701d         Code  Gb  rom-symbols-LLC.o [2]
NVM_Detect {Abs}           0x6cb9         Code  Gb  rom-symbols-LLC.o [2]
NVM_Erase {Abs}            0x6e05         Code  Gb  rom-symbols-LLC.o [2]
NVM_Read {Abs}             0x6d69         Code  Gb  rom-symbols-LLC.o [2]
NVM_SetSVar {Abs}          0x7085         Code  Gb  rom-symbols-LLC.o [2]
NVM_Verify {Abs}           0x6f85         Code  Gb  rom-symbols-LLC.o [2]
NVM_Write {Abs}            0x6ec5         Code  Gb  rom-symbols-LLC.o [2]
PATCH_Ret_InitExecuteEntry
                        0x40'4589         Code  Gb  rp_vector_IAR.o [2]
PhyPlmeGetLQI           0x40'3a21   0x70  Code  Gb  Synthesizer.o [3]
PlatformPortInit        0x40'1ed5   0x40  Code  Gb  PlatformInit.o [1]
RP_Vector_Thumb_0       0x40'0021         Code  Gb  rp_vector_IAR.o [2]
RP_Vector_Thumb_1       0x40'0061         Code  Gb  rp_vector_IAR.o [2]
RP_Vector_Thumb_2       0x40'00a1         Code  Gb  rp_vector_IAR.o [2]
RP_Vector_Thumb_3       0x40'00e1         Code  Gb  rp_vector_IAR.o [2]
RX_msg                  0x40'462c   0x10  Data  Gb  connectivity_test_rx.o [1]
RadioInit               0x40'38b5   0xc0  Code  Gb  Synthesizer.o [3]
ReadData                0x40'2dad   0x4e  Code  Lc  Display.o [1]
Region$$Table$$Base     0x40'45dc          --   Gb  - Linker created -
Region$$Table$$Limit    0x40'45ec          --   Gb  - Linker created -
Region_ROM_Table_ROM_Base {Abs}
                         0x1'1788         Data  Gb  rom-symbols-LLC.o [2]
Region_ROM_Table_ROM_Limit {Abs}
                         0x1'17a8         Data  Gb  rom-symbols-LLC.o [2]
ResetMaca               0x40'1d39   0x24  Code  Gb  maca.o [1]
ResumeMACASync          0x40'40e1   0x76  Code  Gb  MacaInterrupt.o [1]
SMAC_InitExecuteEntry   0x40'3b59   0x80  Code  Lc  Init_Utils.o [3]
SMAC_InitFlybackSettings
                        0x40'3ad1   0x28  Code  Gb  Synthesizer.o [3]
SMAC_InitFromFlash      0x40'3bd9   0xcc  Code  Gb  Init_Utils.o [3]
SPI_Abort {Abs}            0xcd61         Code  Gb  rom-symbols-LLC.o [2]
SPI_Close {Abs}            0xca7d         Code  Gb  rom-symbols-LLC.o [2]
SPI_GetConfig {Abs}        0xcb29         Code  Gb  rom-symbols-LLC.o [2]
SPI_GetRxAsync {Abs}       0xccfd         Code  Gb  rom-symbols-LLC.o [2]
SPI_GetStatus {Abs}        0xcdc9         Code  Gb  rom-symbols-LLC.o [2]
SPI_ISR {Abs}              0xcdd5         Code  Gb  rom-symbols-LLC.o [2]
SPI_Open {Abs}             0xca49         Code  Gb  rom-symbols-LLC.o [2]
SPI_ReadSync {Abs}         0xcc09         Code  Gb  rom-symbols-LLC.o [2]
SPI_SetCallback {Abs}      0xcda5         Code  Gb  rom-symbols-LLC.o [2]
SPI_SetConfig {Abs}        0xcaa1         Code  Gb  rom-symbols-LLC.o [2]
SPI_SetTxAsync {Abs}       0xcd35         Code  Gb  rom-symbols-LLC.o [2]
SPI_StartAsync {Abs}       0xcca1         Code  Gb  rom-symbols-LLC.o [2]
SPI_WriteSync {Abs}        0xcb81         Code  Gb  rom-symbols-LLC.o [2]
SSI_Abort {Abs}            0x4875         Code  Gb  rom-symbols-LLC.o [2]
SSI_Enable {Abs}           0x4251         Code  Gb  rom-symbols-LLC.o [2]
SSI_ISR {Abs}              0x490d         Code  Gb  rom-symbols-LLC.o [2]
SSI_Init {Abs}             0x4219         Code  Gb  rom-symbols-LLC.o [2]
SSI_RxData {Abs}           0x45f5         Code  Gb  rom-symbols-LLC.o [2]
SSI_SetClockConfig {Abs}
                           0x436d         Code  Gb  rom-symbols-LLC.o [2]
SSI_SetConfig {Abs}        0x42b9         Code  Gb  rom-symbols-LLC.o [2]
SSI_SetContinuousRxCallback {Abs}
                           0x4459         Code  Gb  rom-symbols-LLC.o [2]
SSI_SetRxCallback {Abs}
                           0x444d         Code  Gb  rom-symbols-LLC.o [2]
SSI_SetTxCallback {Abs}
                           0x4441         Code  Gb  rom-symbols-LLC.o [2]
SSI_SetTxRxConfig {Abs}
                           0x43d1         Code  Gb  rom-symbols-LLC.o [2]
SSI_StartContinuousRx {Abs}
                           0x472d         Code  Gb  rom-symbols-LLC.o [2]
SSI_TxData {Abs}           0x4465         Code  Gb  rom-symbols-LLC.o [2]
Scan_msg                0x40'48f8   0x10  Data  Gb  RadioManagement.o [1]
SendData                0x40'2d05   0x2e  Code  Lc  Display.o [1]
SetChannel              0x40'3975   0x6c  Code  Gb  Synthesizer.o [3]
SetComplementaryPAState
                        0x40'3821   0x18  Code  Gb  rif.o [3]
SetEdCcaThreshold       0x40'3a91   0x18  Code  Gb  Synthesizer.o [3]
SetHiZ                  0x40'2d33   0x1e  Code  Lc  Display.o [1]
SetOutput               0x40'2d51   0x1a  Code  Lc  Display.o [1]
SetPower                0x40'37bd   0x64  Code  Gb  rif.o [3]
SetPowerLevelLockMode   0x40'3839   0x36  Code  Gb  rif.o [3]
Set_Pins                0x40'2175   0x9a  Code  Gb  Leds.o [1]
TX_msg                  0x40'4a0c   0x10  Data  Gb  connectivity_test_rx.o [1]
TmrDisable {Abs}           0xa865         Code  Gb  rom-symbols-LLC.o [2]
TmrEnable {Abs}            0xa82d         Code  Gb  rom-symbols-LLC.o [2]
TmrGetCompStatusControl {Abs}
                           0xaaf1         Code  Gb  rom-symbols-LLC.o [2]
TmrGetConfig {Abs}         0xaa71         Code  Gb  rom-symbols-LLC.o [2]
TmrGetMode {Abs}           0xaa49         Code  Gb  rom-symbols-LLC.o [2]
TmrGetStatusControl {Abs}
                           0xaac9         Code  Gb  rom-symbols-LLC.o [2]
TmrInit {Abs}              0xa7ed         Code  Gb  rom-symbols-LLC.o [2]
TmrIsr {Abs}               0xab41         Code  Gb  rom-symbols-LLC.o [2]
TmrReadValue {Abs}         0xab19         Code  Gb  rom-symbols-LLC.o [2]
TmrSetCallbackFunction {Abs}
                           0xa9bd         Code  Gb  rom-symbols-LLC.o [2]
TmrSetCompStatusControl {Abs}
                           0xa999         Code  Gb  rom-symbols-LLC.o [2]
TmrSetConfig {Abs}         0xa901         Code  Gb  rom-symbols-LLC.o [2]
TmrSetMode {Abs}           0xa8a5         Code  Gb  rom-symbols-LLC.o [2]
TmrSetStatusControl {Abs}
                           0xa975         Code  Gb  rom-symbols-LLC.o [2]
TmrWriteValue {Abs}        0xaa2d         Code  Gb  rom-symbols-LLC.o [2]
UartCancelWriteData {Abs}
                           0x30f5         Code  Gb  rom-symbols-LLC.o [2]
UartClearErrors {Abs}      0x33ad         Code  Gb  rom-symbols-LLC.o [2]
UartClose {Abs}            0x3219         Code  Gb  rom-symbols-LLC.o [2]
UartEventRead1          0x40'20db    0x2  Code  Gb  UartUtil.o [1]
UartEventWrite1         0x40'20dd    0x2  Code  Gb  UartUtil.o [1]
UartGetByteFromRxBuffer {Abs}
                           0x32fd         Code  Gb  rom-symbols-LLC.o [2]
UartGetConfig {Abs}        0x3179         Code  Gb  rom-symbols-LLC.o [2]
UartGetStatus {Abs}        0x312d         Code  Gb  rom-symbols-LLC.o [2]
UartGetUnreadBytesNumber {Abs}
                           0x3371         Code  Gb  rom-symbols-LLC.o [2]
UartIsr1 {Abs}             0x3275         Code  Gb  rom-symbols-LLC.o [2]
UartIsr2 {Abs}             0x32b9         Code  Gb  rom-symbols-LLC.o [2]
UartOpen {Abs}             0x2c4d         Code  Gb  rom-symbols-LLC.o [2]
UartOpenCloseTransceiver {Abs}
                           0x3385         Code  Gb  rom-symbols-LLC.o [2]
UartReadComplete {Abs}     0x3481         Code  Gb  rom-symbols-LLC.o [2]
UartReadData {Abs}         0x2fb9         Code  Gb  rom-symbols-LLC.o [2]
UartSetCTSThreshold {Abs}
                           0x2ec5         Code  Gb  rom-symbols-LLC.o [2]
UartSetCallbackFunctions {Abs}
                           0x2f71         Code  Gb  rom-symbols-LLC.o [2]
UartSetConfig {Abs}        0x2ccd         Code  Gb  rom-symbols-LLC.o [2]
UartSetHalfFlowControl {Abs}
                           0x33c1         Code  Gb  rom-symbols-LLC.o [2]
UartSetReceiverThreshold {Abs}
                           0x2e59         Code  Gb  rom-symbols-LLC.o [2]
UartSetTransmitterThreshold {Abs}
                           0x2f21         Code  Gb  rom-symbols-LLC.o [2]
UartWriteData {Abs}        0x3079         Code  Gb  rom-symbols-LLC.o [2]
Uart_Init               0x40'2025   0x7a  Code  Gb  UartUtil.o [1]
__aeabi_idiv {Abs}         0xfae8         Code  Gb  rom-symbols-LLC.o [2]
__aeabi_idiv0 {Abs}      0x1'0b5c         Code  Gb  rom-symbols-LLC.o [2]
__aeabi_idivmod {Abs}      0xfae8         Code  Gb  rom-symbols-LLC.o [2]
__aeabi_memcpy4         0x40'36f4         Code  Gb  ABImemcpy.o [5]
__aeabi_memcpy8         0x40'36f4         Code  Gb  ABImemcpy.o [5]
__aeabi_uidiv {Abs}        0xfaf8         Code  Gb  rom-symbols-LLC.o [2]
__aeabi_uidivmod {Abs}     0xfaf8         Code  Gb  rom-symbols-LLC.o [2]
__aeabi_uread4 {Abs}     0x1'0b0c         Code  Gb  rom-symbols-LLC.o [2]
__aeabi_uwrite4 {Abs}    0x1'0ae0         Code  Gb  rom-symbols-LLC.o [2]
__iar_data_init3        0x40'43fd   0x30  Code  Gb  data_init.o [5]
__iar_lz77_init_single3
                        0x40'2edf   0x7e  Code  Gb  lz77_init_single.o [5]
__rom_data_init {Abs}    0x1'08d0         Code  Gb  rom-symbols-LLC.o [2]
_start_vector_          0x40'0000         Code  Gb  Init-IAR.o [1]
aLCDFont                0x40'45ec   0x18  Data  Gb  Display.o [1]
ackBox                  0x40'4950   0x28  Data  Gb  RadioManagement.o [1]
adjust_LQI              0x40'120d   0x1c  Code  Gb  connectivity_test_rx.o [1]
bGetEnableLock          0x40'3871    0xc  Code  Gb  rif.o [3]
bScanReqFlag            0x40'48f3    0x1  Data  Gb  RadioManagement.o [1]
buffer_radio_init       0x40'4980   0x10  Data  Gb  Synthesizer.o [3]
c_test_num              0x40'4628    0x4  Data  Gb  connectivity_test_rx.o [1]
calculate_ed_value      0x40'3609   0x1e  Code  Lc  RadioManagement.o [1]
cbProcessMsg_c          0x40'314c   0x10  Data  Lc  RadioManagement.o [1]
command_xcvr_ed         0x40'338d   0x28  Code  Gb  RadioManagement.o [1]
connectivity_app_init   0x40'09eb  0x10a  Code  Gb  connectivity_test_rx.o [1]
current_msg             0x40'48f1    0x1  Data  Lc  RadioManagement.o [1]
dataScan                0x40'494c    0x1  Data  Gb  RadioManagement.o [1]
decrease_config_option_isr
                        0x40'0e91    0xe  Code  Gb  connectivity_test_rx.o [1]
disable_test_mode_continuos_tx_nomod
                        0x40'37a5    0x8  Code  Gb  rif.o [3]
execute_current_message_callback
                        0x40'3055   0x20  Code  Gb  RadioManagement.o [1]
fill_ram_struct         0x40'3aa9   0x16  Code  Gb  Synthesizer.o [3]
flag                    0x40'4a3a    0x1  Data  Gb  MacaInterrupt.o [1]
gAIMVAL_c               0x40'44c8   0x4c  Data  Gb  rif.o [3]
gLCDNormalFont {Abs}     0x1'1028         Data  Gb  rom-symbols-LLC.o [2]
gLCDNormalIndex {Abs}    0x1'13ac         Data  Gb  rom-symbols-LLC.o [2]
gLCDVerdanaFont {Abs}    0x1'0b74         Data  Gb  rom-symbols-LLC.o [2]
gLCDVerdanaIndex {Abs}   0x1'146c         Data  Gb  rom-symbols-LLC.o [2]
gPAVAL_c                0x40'447c   0x4c  Data  Gb  rif.o [3]
gPSMVAL_c               0x40'4430   0x4c  Data  Gb  rif.o [3]
gRadioEvntFlags         0x40'4940    0x4  Data  Gb  RadioManagement.o [1]
gRadioInit_RegReplacement_c
                        0x40'3d74  0x158  Data  Gb  Synthesizer.o [3]
gRadioTOCCal1           0x40'49e4   0x28  Data  Gb  Synthesizer.o [3]
gRadioTOCCal2_24MHz_c   0x40'3cac    0x8  Data  Gb  Synthesizer.o [3]
gRadioTOCCal2_None24MHz_c
                        0x40'4990   0x30  Data  Gb  Synthesizer.o [3]
gRadioTOCCal3_c         0x40'3cb4   0xb8  Data  Gb  Synthesizer.o [3]
gRadioTOCCal4_None24MHz_c
                        0x40'3d6c    0x8  Data  Gb  Synthesizer.o [3]
gRadioTOCCal5           0x40'49c0   0x20  Data  Gb  Synthesizer.o [3]
gaHexValue              0x40'4604   0x14  Data  Gb  Display.o [1]
gaRFSynVCODivF_c        0x40'459c   0x40  Data  Gb  RadioManagement.o [1]
gaRFSynVCODivI_c        0x40'34f4   0x10  Data  Gb  RadioManagement.o [1]
gbDataIndicationFlag    0x40'4643    0x1  Data  Gb  connectivity_test_rx.o [1]
get_ctov                0x40'3af9   0x1c  Code  Gb  Synthesizer.o [3]
get_next_chann_to_scan  0x40'36a5   0x2a  Code  Gb  RadioManagement.o [1]
gu16SCINumOfBytes       0x40'4a32    0x2  Data  Gb  UartUtil.o [1]
gu32PerRxEvents         0x40'4654    0x4  Data  Gb  connectivity_test_rx.o [1]
gu8SCIDataFlag          0x40'4a31    0x1  Data  Gb  UartUtil.o [1]
gu8SCIStatus            0x40'4a30    0x1  Data  Gb  UartUtil.o [1]
gu8TestAlreadyStarted   0x40'4647    0x1  Data  Gb  connectivity_test_rx.o [1]
gu8TestModeEvents       0x40'4644    0x1  Data  Gb  connectivity_test_rx.o [1]
gu8ValidAckPacket       0x40'4646    0x1  Data  Gb  connectivity_test_rx.o [1]
gu8ValidRangePacket     0x40'4645    0x1  Data  Gb  connectivity_test_rx.o [1]
handle_new_message      0x40'3075   0x32  Code  Gb  RadioManagement.o [1]
increase_config_option_isr
                        0x40'0e7d   0x10  Code  Gb  connectivity_test_rx.o [1]
is_a_handled_message    0x40'302d   0x28  Code  Lc  RadioManagement.o [1]
ku8AckString            0x40'0e58    0x4  Data  Gb  connectivity_test_rx.o [1]
ku8DoneStr              0x40'14c0    0x4  Data  Gb  connectivity_test_rx.o [1]
ku8DoneStrReceiver      0x40'40bc    0x8  Data  Gb  connectivity_test_rx.o [1]
ku8ExpectedString       0x40'40ac   0x10  Data  Gb  connectivity_test_rx.o [1]
mDisplayParams          0x40'4820   0xb8  Data  Lc  Display.o [1]
mErrorIndicator         0x40'4a37    0x1  Data  Lc  Display.o [1]
mExceptionHandlerDataAbort {Abs}
                        0x40'0158         Data  Gb  rom-symbols-LLC.o [2]
mExceptionHandlerPrefetchAbort {Abs}
                        0x40'0154         Data  Gb  rom-symbols-LLC.o [2]
mExceptionHandlerSupervisor {Abs}
                        0x40'0150         Data  Gb  rom-symbols-LLC.o [2]
mExceptionHandlerUndefined {Abs}
                        0x40'014c         Data  Gb  rom-symbols-LLC.o [2]
mHandlerTable {Abs}     0x40'0120         Data  Gb  rom-symbols-LLC.o [2]
mInitDenyVregCntlOvr    0x40'4a40    0x1  Data  Gb  Init_Utils_patched.o [2]
mIsComplementaryPaEnable
                        0x40'4a3e    0x1  Data  Lc  rif.o [3]
mIsEnableLock           0x40'4a3f    0x1  Data  Lc  rif.o [3]
mIsLcdInitialized       0x40'4a36    0x1  Data  Lc  Display.o [1]
mIsPromiscousMode       0x40'4a3b    0x1  Data  Lc  TransceiverConfigMngmnt.o [1]
mLineParams             0x40'48d8   0x18  Data  Lc  Display.o [1]
mMacaIsrEntryCounter    0x40'4a39    0x1  Data  Lc  MacaInterrupt.o [1]
mRetries_timmer         0x40'48f0    0x1  Data  Lc  RadioManagement.o [1]
mSftclk_offset          0x40'493c    0x4  Data  Lc  RadioManagement.o [1]
mUARTRxBuffer           0x40'4648    0xc  Data  Gb  connectivity_test_rx.o [1]
mUartModule {Abs}       0x40'033c         Data  Gb  rom-symbols-LLC.o [2]
maMessageTO             0x40'492c   0x10  Data  Lc  RadioManagement.o [1]
maMessage_Queu          0x40'491c   0x10  Data  Lc  RadioManagement.o [1]
maxLQI                  0x40'4668    0x1  Data  Gb  connectivity_test_rx.o [1]
mem_cmp                 0x40'210d   0x1e  Code  Gb  UartUtil.o [1]
minLQI                  0x40'4669    0x1  Data  Gb  connectivity_test_rx.o [1]
next_msg_to_store       0x40'48f2    0x1  Data  Lc  RadioManagement.o [1]
packet_error_rate_rx_test
                        0x40'14c5  0x140  Code  Gb  connectivity_test_rx.o [1]
packet_error_rate_rx_test::u8AppState
                        0x40'4a35    0x1  Data  Lc  connectivity_test_rx.o [1]
packet_error_rate_tx_test
                        0x40'1355  0x166  Code  Gb  connectivity_test_rx.o [1]
packet_error_rate_tx_test::u16DoneCount
                        0x40'4a24    0x2  Data  Lc  connectivity_test_rx.o [1]
packet_error_rate_tx_test::u16MsgCount
                        0x40'4a22    0x2  Data  Lc  connectivity_test_rx.o [1]
packet_error_rate_tx_test::u8AppState
                        0x40'4a1d    0x1  Data  Lc  connectivity_test_rx.o [1]
process_ed_msg          0x40'33c9  0x124  Code  Lc  RadioManagement.o [1]
process_ed_msg::prev_chann
                        0x40'4948    0x4  Data  Lc  RadioManagement.o [1]
process_incoming_msg    0x40'0b3d  0x31c  Code  Lc  connectivity_test_rx.o [1]
process_incoming_msg::u16MsgCounter
                        0x40'466c    0x2  Data  Lc  connectivity_test_rx.o [1]
process_incoming_msg::u16TotalMsg
                        0x40'466e    0x2  Data  Lc  connectivity_test_rx.o [1]
process_incoming_msg::u8State
                        0x40'466a    0x1  Data  Lc  connectivity_test_rx.o [1]
process_radio_msg       0x40'3115   0x38  Code  Gb  RadioManagement.o [1]
process_rx_msg          0x40'3249  0x136  Code  Lc  RadioManagement.o [1]
process_scan_req        0x40'3627   0x78  Code  Gb  RadioManagement.o [1]
process_scan_req::EdCh2Evaluate
                        0x40'48f6    0x1  Data  Lc  RadioManagement.o [1]
process_scan_req::bestChann
                        0x40'48f5    0x1  Data  Lc  RadioManagement.o [1]
process_scan_req::isSecondPass
                        0x40'48f7    0x1  Data  Lc  RadioManagement.o [1]
process_scan_req::u8BestVal
                        0x40'48f4    0x1  Data  Lc  RadioManagement.o [1]
process_test_mode_app   0x40'0ef9  0x310  Code  Gb  connectivity_test_rx.o [1]
process_to_msg          0x40'3505   0xf6  Code  Lc  RadioManagement.o [1]
process_tx_msg          0x40'315d   0xe2  Code  Lc  RadioManagement.o [1]
pulse_prbs9_tx          0x40'12e5   0x6c  Code  Gb  connectivity_test_rx.o [1]
pulse_prbs9_tx::u16DutyCicleCounter
                        0x40'4a20    0x2  Data  Lc  connectivity_test_rx.o [1]
pulse_prbs9_tx::u8AppState
                        0x40'4a1c    0x1  Data  Lc  connectivity_test_rx.o [1]
radio_manager_init      0x40'30cb   0x46  Code  Gb  RadioManagement.o [1]
ram_init_val            0x40'4978    0x4  Data  Gb  Synthesizer.o [3]
range_rx_test           0x40'1619  0x114  Code  Gb  connectivity_test_rx.o [1]
range_rx_test::u8AppState
                        0x40'466b    0x1  Data  Lc  connectivity_test_rx.o [1]
range_tx_test           0x40'1739  0x178  Code  Gb  connectivity_test_rx.o [1]
range_tx_test::u8AppState
                        0x40'4a1e    0x1  Data  Lc  connectivity_test_rx.o [1]
range_tx_test::u8CountNoPacket
                        0x40'4a26    0x2  Data  Lc  connectivity_test_rx.o [1]
release_current_message
                        0x40'30a7   0x24  Code  Gb  RadioManagement.o [1]
reset_vector {Abs}            0x0         Code  Gb  rom-symbols-LLC.o [2]
select_config_option_isr
                        0x40'0e5d   0x16  Code  Gb  connectivity_test_rx.o [1]
set_test_mode_continuos_tx_nomod
                        0x40'37ad    0xc  Code  Gb  rif.o [3]
start_test_isr          0x40'0eab   0x10  Code  Gb  connectivity_test_rx.o [1]
test_mode_rx_cb         0x40'0af5   0x18  Code  Gb  connectivity_test_rx.o [1]
u16ChannToScan          0x40'4918    0x2  Data  Gb  RadioManagement.o [1]
u32SystemClock          0x40'49e0    0x4  Data  Gb  Synthesizer.o [3]
u8BulkCapState          0x40'4642    0x1  Data  Gb  connectivity_test_rx.o [1]
u8CurrentCoarseTune     0x40'4640    0x1  Data  Gb  connectivity_test_rx.o [1]
u8CurrentFineTune       0x40'4641    0x1  Data  Gb  connectivity_test_rx.o [1]
u8CurrentMode           0x40'463c    0x1  Data  Gb  connectivity_test_rx.o [1]
u8LQIIcon1_c            0x40'4748   0x48  Data  Gb  connectivity_test_rx.o [1]
u8LQIIcon2_c            0x40'4700   0x48  Data  Gb  connectivity_test_rx.o [1]
u8LQIIcon3_c            0x40'46b8   0x48  Data  Gb  connectivity_test_rx.o [1]
u8LQIIcon4_c            0x40'4670   0x48  Data  Gb  connectivity_test_rx.o [1]
u8RamValues             0x40'4a2c    0x4  Data  Gb  Init_Utils.o [3]
u8RangeExpectedString   0x40'40c4    0xc  Data  Gb  connectivity_test_rx.o [1]
u8RxIcon1_c             0x40'4790   0x48  Data  Gb  connectivity_test_rx.o [1]
u8RxIcon2_c             0x40'47d8   0x48  Data  Gb  connectivity_test_rx.o [1]
u8ScanValPerChann       0x40'4908   0x10  Data  Gb  RadioManagement.o [1]
u8TestModeChannel       0x40'463d    0x1  Data  Gb  connectivity_test_rx.o [1]
u8TestModePower         0x40'463e    0x1  Data  Gb  connectivity_test_rx.o [1]
u8mCurrentChann         0x40'497c    0x1  Data  Lc  Synthesizer.o [3]
u8mCurrentPowerLvl      0x40'4a3d    0x1  Data  Lc  rif.o [3]
vScanReqCallBack        0x40'4944    0x4  Data  Gb  RadioManagement.o [1]


[1] = C:\Users\Fabio\Desktop\WSNBP\my_conn_rep_test\Connectivity Test\Release\Obj
[2] = LLC.a
[3] = MC1322x.a
[4] = dl4t_tln.a
[5] = rt4t_al.a

  14 278 bytes of readonly  code memory
   1 658 bytes of readonly  data memory
   5 913 bytes of readwrite data memory

Errors: none
Warnings: none
