###############################################################################
#
# IAR ELF Linker V8.32.1.169/W32 for ARM                  01/Feb/2019  12:51:01
# Copyright 2007-2018 IAR Systems AB.
#
#    Output file  =  
#        D:\Users\Brus\Documents\Uni\Wireless Sensors Networks
#        M\Project\WSNBP\repeater_test\Repeater\Release\Exe\Repeater.out
#    Map file     =  
#        D:\Users\Brus\Documents\Uni\Wireless Sensors Networks
#        M\Project\WSNBP\repeater_test\Repeater\Release\List\Repeater.map
#    Command line =  
#        -f C:\Users\Brus\AppData\Local\Temp\EWA2F0.tmp
#        ("D:\Users\Brus\Documents\Uni\Wireless Sensors Networks
#        M\Project\WSNBP\repeater_test\Repeater\Release\Obj\Delay.o"
#        "D:\Users\Brus\Documents\Uni\Wireless Sensors Networks
#        M\Project\WSNBP\repeater_test\Repeater\Release\Obj\Display.o"
#        "D:\Users\Brus\Documents\Uni\Wireless Sensors Networks
#        M\Project\WSNBP\repeater_test\Repeater\Release\Obj\HLDrv.o"
#        "D:\Users\Brus\Documents\Uni\Wireless Sensors Networks
#        M\Project\WSNBP\repeater_test\Repeater\Release\Obj\Init-IAR.o"
#        "D:\Users\Brus\Documents\Uni\Wireless Sensors Networks
#        M\Project\WSNBP\repeater_test\Repeater\Release\Obj\Keyboard.o"
#        "D:\Users\Brus\Documents\Uni\Wireless Sensors Networks
#        M\Project\WSNBP\repeater_test\Repeater\Release\Obj\Leds.o"
#        "D:\Users\Brus\Documents\Uni\Wireless Sensors Networks
#        M\Project\WSNBP\repeater_test\Repeater\PLM\Lib\LLC.a"
#        "D:\Users\Brus\Documents\Uni\Wireless Sensors Networks
#        M\Project\WSNBP\repeater_test\Repeater\Release\Obj\maca.o"
#        "D:\Users\Brus\Documents\Uni\Wireless Sensors Networks
#        M\Project\WSNBP\repeater_test\Repeater\Release\Obj\MacaInterrupt.o"
#        "D:\Users\Brus\Documents\Uni\Wireless Sensors Networks
#        M\Project\WSNBP\repeater_test\Repeater\SMAC\Drivers\Lib\MC1322x.a"
#        "D:\Users\Brus\Documents\Uni\Wireless Sensors Networks
#        M\Project\WSNBP\repeater_test\Repeater\Release\Obj\PlatformInit.o"
#        "D:\Users\Brus\Documents\Uni\Wireless Sensors Networks
#        M\Project\WSNBP\repeater_test\Repeater\Release\Obj\RadioManagement.o"
#        "D:\Users\Brus\Documents\Uni\Wireless Sensors Networks
#        M\Project\WSNBP\repeater_test\Repeater\Release\Obj\repeater.o"
#        "D:\Users\Brus\Documents\Uni\Wireless Sensors Networks
#        M\Project\WSNBP\repeater_test\Repeater\Release\Obj\SecurityMngmnt.o"
#        "D:\Users\Brus\Documents\Uni\Wireless Sensors Networks
#        M\Project\WSNBP\repeater_test\Repeater\Release\Obj\Sound.o"
#        "D:\Users\Brus\Documents\Uni\Wireless Sensors Networks
#        M\Project\WSNBP\repeater_test\Repeater\Release\Obj\TransceiverConfigMngmnt.o"
#        "D:\Users\Brus\Documents\Uni\Wireless Sensors Networks
#        M\Project\WSNBP\repeater_test\Repeater\Release\Obj\TransceiverPowerMngmnt.o"
#        "D:\Users\Brus\Documents\Uni\Wireless Sensors Networks
#        M\Project\WSNBP\repeater_test\Repeater\Release\Obj\UartUtil.o"
#        "D:\Users\Brus\Documents\Uni\Wireless Sensors Networks
#        M\Project\WSNBP\repeater_test\Repeater\Release\Obj\WirelessLinkMngmt.o"
#        --no_out_extension -o "D:\Users\Brus\Documents\Uni\Wireless Sensors
#        Networks
#        M\Project\WSNBP\repeater_test\Repeater\Release\Exe\Repeater.out"
#        --redirect _Printf=_PrintfTiny --redirect _Scanf=_ScanfSmallNoMb
#        --strip --map "D:\Users\Brus\Documents\Uni\Wireless Sensors Networks
#        M\Project\WSNBP\repeater_test\Repeater\Release\List\Repeater.map"
#        --log initialization,modules,sections,veneers --log_file
#        "D:\Users\Brus\Documents\Uni\Wireless Sensors Networks
#        M\Project\WSNBP\repeater_test\Repeater\Release\List\Repeater.log"
#        --config "D:\Users\Brus\Documents\Uni\Wireless Sensors Networks
#        M\Project\WSNBP\repeater_test\Repeater\PLM\Icf\MC1322x-RAM-ROM.icf"
#        --diag_suppress Lt010,Lt018 --entry _start_vector_ --inline --vfe
#        --text_out locale)
#
###############################################################################

*******************************************************************************
*** RUNTIME MODEL ATTRIBUTES
***

CppFlavor       = *
__SystemLibrary = DLib
__dlib_version  = 6


*******************************************************************************
*** HEAP SELECTION
***

The basic heap was selected because no calls to memory allocation
functions were found in the application outside of system library
functions, and there are calls to deallocation functions in the
application.


*******************************************************************************
*** PLACEMENT SUMMARY
***

"P1":  place in [from 0x40'0000 to 0x40'001f] { ro section .vect };
"P2":  place in [from 0x40'0900 to 0x41'7fff] { ro };
"P3":  place in [from 0x40'0900 to 0x41'7fff] { rw };
"P4":  place in [from 0x40'0020 to 0x40'005f] { section rp_vector_thumb_0 };
"P5":  place in [from 0x40'0060 to 0x40'009f] { section rp_vector_thumb_1 };
"P6":  place in [from 0x40'00a0 to 0x40'00df] { section rp_vector_thumb_2 };
"P7":  place in [from 0x40'00e0 to 0x40'011f] { section rp_vector_thumb_3 };
do not initialize { rw section .stack };
initialize by copy { rw };

No sections matched the following patterns:

  section nv_data_init_struct  in "P8"


  Section            Kind       Address    Size  Object
  -------            ----       -------    ----  ------
"P1":                                      0x20
  .vect              ro code  0x40'0000    0x20  Init-IAR.o [1]
                            - 0x40'0020    0x20

"P4":                                       0x2
  rp_vector_thumb_0  ro code  0x40'0020     0x2  rp_vector_IAR.o [2]
                            - 0x40'0022     0x2

"P5":                                      0x10
  rp_vector_thumb_1  ro code  0x40'0060    0x10  rp_vector_IAR.o [2]
                            - 0x40'0070    0x10

"P6":                                       0x2
  rp_vector_thumb_2  ro code  0x40'00a0     0x2  rp_vector_IAR.o [2]
                            - 0x40'00a2     0x2

"P7":                                       0x2
  rp_vector_thumb_3  ro code  0x40'00e0     0x2  rp_vector_IAR.o [2]
                            - 0x40'00e2     0x2

"P2-P3", part 1 of 4:                    0x27e4
  Veneer             ro code  0x40'0900    0x10  - Linker created -
  Veneer             ro code  0x40'0910    0x10  - Linker created -
  Veneer             ro code  0x40'0920    0x10  - Linker created -
  Veneer             ro code  0x40'0930    0x10  - Linker created -
  Veneer             ro code  0x40'0940    0x10  - Linker created -
  Veneer             ro code  0x40'0950    0x10  - Linker created -
  Veneer             ro code  0x40'0960    0x10  - Linker created -
  .text              ro code  0x40'0970   0x8f2  repeater.o [1]
  .text              ro code  0x40'1264   0x712  RadioManagement.o [1]
  Veneer             ro code  0x40'1978     0x4  - Linker created -
  .text              ro code  0x40'197c    0xb0  ABImemcpy.o [5]
  Veneer             ro code  0x40'1a2c    0x10  - Linker created -
  Veneer             ro code  0x40'1a3c    0x10  - Linker created -
  Veneer             ro code  0x40'1a4c    0x10  - Linker created -
  Veneer             ro code  0x40'1a5c    0x10  - Linker created -
  Veneer             ro code  0x40'1a6c    0x10  - Linker created -
  Veneer             ro code  0x40'1a7c    0x10  - Linker created -
  Veneer             ro code  0x40'1a8c    0x10  - Linker created -
  Veneer             ro code  0x40'1a9c    0x10  - Linker created -
  Veneer             ro code  0x40'1aac    0x10  - Linker created -
  .text              ro code  0x40'1abc   0x2d6  UartUtil.o [1]
  .text              ro code  0x40'1d94    0x9c  WirelessLinkMngmt.o [1]
  .text              ro code  0x40'1e30    0x24  maca.o [1]
  .text              ro code  0x40'1e54   0x124  TransceiverConfigMngmnt.o [1]
  .text              ro code  0x40'1f78    0x44  PlatformInit.o [1]
  .text              ro code  0x40'1fbc    0x24  Delay.o [1]
  Veneer             ro code  0x40'1fe0    0x10  - Linker created -
  Veneer             ro code  0x40'1ff0    0x10  - Linker created -
  .text              ro code  0x40'2000   0x1f0  Synthesizer.o [3]
  .text              ro code  0x40'21f0     0x2  RadioManagement.o [1]
  .text              ro code  0x40'21f4    0xd8  rif.o [3]
  Veneer             ro code  0x40'22cc    0x10  - Linker created -
  Veneer             ro code  0x40'22dc    0x10  - Linker created -
  Veneer             ro code  0x40'22ec    0x10  - Linker created -
  Veneer             ro code  0x40'22fc    0x10  - Linker created -
  .text              ro code  0x40'230c   0x154  Init_Utils.o [3]
  .rodata            const    0x40'2460   0x228  repeater.o [1]
  .rodata            const    0x40'2688   0x220  Synthesizer.o [3]
  Veneer             ro code  0x40'28a8    0x10  - Linker created -
  .text              ro code  0x40'28b8   0x1e0  MacaInterrupt.o [1]
  Veneer             ro code  0x40'2a98     0xc  - Linker created -
  Veneer             ro code  0x40'2aa4     0xc  - Linker created -
  .text              ro code  0x40'2ab0   0x124  Init-IAR.o [1]
  .text              ro code  0x40'2bd4    0x32  data_init.o [5]
  .rodata            const    0x40'2c08    0xe4  rif.o [3]
  .rodata            const    0x40'2cec    0xa8  repeater.o [1]
  .rodata            const    0x40'2d94    0x88  repeater.o [1]
  .text              ro code  0x40'2e1c    0x68  Init_Utils_patched.o [2]
  .text              ro code  0x40'2e84     0xa  Init_Delay_patched.o [2]
  .text              ro code  0x40'2e90    0x12  rp_vector_IAR.o [2]
  .rodata            const    0x40'2ea4    0x48  repeater.o [1]
  .rodata            const    0x40'2eec    0x40  RadioManagement.o [1]
  .text              ro code  0x40'2f2c    0x40  packbits_init_single.o [5]
  .text              ro code  0x40'2f6c    0x3c  zero_init3.o [5]
  .iar.init_table    const    0x40'2fa8    0x20  - Linker created -
  .rodata            const    0x40'2fc8     0x0  zero_init3.o [5]
  .rodata            const    0x40'2fc8     0x0  packbits_init_single.o [5]
  P2-P3-1                     0x40'2fc8   0x11c  <Init block>
    .data            inited   0x40'2fc8    0x88  RadioManagement.o [1]
    .data            inited   0x40'3050    0x94  Synthesizer.o [3]
                            - 0x40'30e4  0x27e4

"P2-P3", part 2 of 4:                     0x164
  .bss               zero     0x40'30e4    0xb8  repeater.o [1]
  .bss               zero     0x40'319c    0x80  repeater.o [1]
  .bss               zero     0x40'321c    0x11  repeater.o [1]
  .bss               zero     0x40'322d     0x3  rif.o [3]
  .bss               zero     0x40'3230     0x8  repeater.o [1]
  .bss               zero     0x40'3238     0x4  UartUtil.o [1]
  .bss               zero     0x40'323c     0x4  Init_Utils.o [3]
  .bss               zero     0x40'3240     0x2  MacaInterrupt.o [1]
  .bss               zero     0x40'3242     0x2  TransceiverConfigMngmnt.o [1]
  .bss               zero     0x40'3244     0x1  repeater.o [1]
  .bss               zero     0x40'3245     0x1  Init_Utils_patched.o [2]
                            - 0x40'3246   0x162

"P2-P3", part 3 of 4:                    0x1300
  .stack             uninit   0x40'3248  0x1300  Init-IAR.o [1]
                            - 0x40'4548  0x1300

"P2-P3", part 4 of 4:                      0x7c
  Initializer bytes  const    0x40'4548    0x7c  <for P2-P3-1>
                            - 0x40'45c4    0x7c

Unused ranges:

       From         To      Size
       ----         --      ----
  0x40'0022  0x40'005f      0x3e
  0x40'0070  0x40'009f      0x30
  0x40'00a2  0x40'00df      0x3e
  0x40'00e2  0x40'011f      0x3e
  0x40'45c4  0x41'7fff  0x1'3a3c


*******************************************************************************
*** INIT TABLE
***

          Address    Size
          -------    ----
Zero (__iar_zero_init3)
    1 destination range, total size 0x162:
          0x40'30e4  0x162

Copy/packbits (__iar_packbits_init_single3)
    1 source range, total size 0x7c (43% of destination):
          0x40'4548   0x7c
    1 destination range, total size 0x11c:
          0x40'2fc8  0x11c



*******************************************************************************
*** MODULE SUMMARY
***

    Module                     ro code  ro data  rw data
    ------                     -------  -------  -------
command line/config:
    ----------------------------------------------------
    Total:

D:\Users\Brus\Documents\Uni\Wireless Sensors Networks M\Project\WSNBP\repeater_test\Repeater\Release\Obj: [1]
    Delay.o                         36
    Init-IAR.o                     324             4 864
    MacaInterrupt.o                480                 2
    PlatformInit.o                  68
    RadioManagement.o            1 812      123      136
    TransceiverConfigMngmnt.o      292                 2
    UartUtil.o                     726                 4
    WirelessLinkMngmt.o            156
    maca.o                          36
    repeater.o                   2 290      928      338
    ----------------------------------------------------
    Total:                       6 220    1 051    5 346

LLC.a: [2]
    Init_Delay_patched.o            10
    Init_Utils_patched.o           104                 1
    rp_vector_IAR.o                 40
    ----------------------------------------------------
    Total:                         154                 1

MC1322x.a: [3]
    Init_Utils.o                   340                 4
    Synthesizer.o                  496      608      148
    rif.o                          216      228        3
    ----------------------------------------------------
    Total:                       1 052      836      155

dl4t_tln.a: [4]
    ----------------------------------------------------
    Total:

rt4t_al.a: [5]
    ABImemcpy.o                    176
    data_init.o                     50
    packbits_init_single.o          64
    zero_init3.o                    60
    ----------------------------------------------------
    Total:                         350

    Gaps                            10        4
    Linker created                 396       33
--------------------------------------------------------
    Grand Total:                 8 182    1 924    5 502


*******************************************************************************
*** ENTRY LIST
***

Entry                     Address   Size  Type      Object
-----                     -------   ----  ----      ------
.iar.init_table$$Base   0x40'2fa8          --   Gb  - Linker created -
.iar.init_table$$Limit  0x40'2fc8          --   Gb  - Linker created -
Adc_GetFifoStatus {Abs}
                           0xc4c5         Code  Gb  rom-symbols-LLC.o [2]
Adc_Init {Abs}             0xc285         Code  Gb  rom-symbols-LLC.o [2]
Adc_Isr {Abs}              0xc5c9         Code  Gb  rom-symbols-LLC.o [2]
Adc_ManualRead {Abs}       0xc541         Code  Gb  rom-symbols-LLC.o [2]
Adc_ReadFifoData {Abs}     0xc495         Code  Gb  rom-symbols-LLC.o [2]
Adc_Reset {Abs}            0xc2a1         Code  Gb  rom-symbols-LLC.o [2]
Adc_SetCallback {Abs}      0xc585         Code  Gb  rom-symbols-LLC.o [2]
Adc_SetCompCtrl {Abs}      0xc41d         Code  Gb  rom-symbols-LLC.o [2]
Adc_SetConfig {Abs}        0xc30d         Code  Gb  rom-symbols-LLC.o [2]
Adc_SetConvCtrl {Abs}      0xc385         Code  Gb  rom-symbols-LLC.o [2]
Adc_SetFifoCtrl {Abs}      0xc475         Code  Gb  rom-symbols-LLC.o [2]
Adc_StartManualConv {Abs}
                           0xc4f9         Code  Gb  rom-symbols-LLC.o [2]
Asm_CbcMacEncryptDecrypt {Abs}
                           0xec61         Code  Gb  rom-symbols-LLC.o [2]
Asm_Ccm {Abs}              0xecb9         Code  Gb  rom-symbols-LLC.o [2]
Asm_CcmEncryptDecrypt {Abs}
                           0xec95         Code  Gb  rom-symbols-LLC.o [2]
Asm_CtrEncryptDecrypt {Abs}
                           0xec39         Code  Gb  rom-symbols-LLC.o [2]
CRM_2kToXtal32Switch {Abs}
                           0x3a3d         Code  Gb  rom-symbols-LLC.o [2]
CRM_BusStealingCntl {Abs}
                           0x38c5         Code  Gb  rom-symbols-LLC.o [2]
CRM_CopCntl {Abs}          0x37b9         Code  Gb  rom-symbols-LLC.o [2]
CRM_ForceCopTimeout {Abs}
                           0x3871         Code  Gb  rom-symbols-LLC.o [2]
CRM_GoToSleep {Abs}        0x364d         Code  Gb  rom-symbols-LLC.o [2]
CRM_Isr {Abs}              0x3f35         Code  Gb  rom-symbols-LLC.o [2]
CRM_ModuleEnStatus {Abs}
                           0x37ad         Code  Gb  rom-symbols-LLC.o [2]
CRM_RefXtalControl {Abs}
                           0x3979         Code  Gb  rom-symbols-LLC.o [2]
CRM_RegisterISR {Abs}      0x3ec9         Code  Gb  rom-symbols-LLC.o [2]
CRM_RingOscAbortCal {Abs}
                           0x3b71         Code  Gb  rom-symbols-LLC.o [2]
CRM_RingOscCal {Abs}       0x3ad5         Code  Gb  rom-symbols-LLC.o [2]
CRM_SetDigOutDriveStrength {Abs}
                           0x3e51         Code  Gb  rom-symbols-LLC.o [2]
CRM_SetPowerSource {Abs}
                           0x3ba5         Code  Gb  rom-symbols-LLC.o [2]
CRM_SetSPIFDriveStrength {Abs}
                           0x3e8d         Code  Gb  rom-symbols-LLC.o [2]
CRM_VRegCntl {Abs}         0x3bf5         Code  Gb  rom-symbols-LLC.o [2]
CRM_VRegTrimm {Abs}        0x3da9         Code  Gb  rom-symbols-LLC.o [2]
CRM_Wait4Irq {Abs}         0x3941         Code  Gb  rom-symbols-LLC.o [2]
CRM_WuCntl {Abs}           0x36d9         Code  Gb  rom-symbols-LLC.o [2]
CRM_Xtal32EnCallback {Abs}
                           0x3a01         Code  Gb  rom-symbols-LLC.o [2]
DelayMs                 0x40'1fbd   0x1e  Code  Gb  Delay.o [1]
FiqHandler {Abs}         0x1'0820         Code  Gb  rom-symbols-LLC.o [2]
FlashLib_Erase {Abs}       0xe4e1         Code  Gb  rom-symbols-LLC.o [2]
FlashLib_Init {Abs}        0xe3d1         Code  Gb  rom-symbols-LLC.o [2]
FlashLib_Read {Abs}        0xe429         Code  Gb  rom-symbols-LLC.o [2]
Flash_ClrStatus {Abs}      0xe5ad         Code  Gb  rom-symbols-LLC.o [2]
Flash_EnableStatusWrite {Abs}
                           0xe559         Code  Gb  rom-symbols-LLC.o [2]
Flash_EraseSector {Abs}
                           0xe63d         Code  Gb  rom-symbols-LLC.o [2]
Flash_Lock {Abs}           0xe631         Code  Gb  rom-symbols-LLC.o [2]
Flash_ReadStatus {Abs}     0xe531         Code  Gb  rom-symbols-LLC.o [2]
Flash_SetStatus {Abs}      0xe595         Code  Gb  rom-symbols-LLC.o [2]
Flash_UnlockAll {Abs}      0xe619         Code  Gb  rom-symbols-LLC.o [2]
Flash_WriteDisable {Abs}
                           0xe5f9         Code  Gb  rom-symbols-LLC.o [2]
Flash_WriteEnable {Abs}
                           0xe5f1         Code  Gb  rom-symbols-LLC.o [2]
GetCurrentChann         0x40'21a1    0xc  Code  Gb  Synthesizer.o [3]
GetCurrentChannel       0x40'212d   0x38  Code  Gb  Synthesizer.o [3]
GpioUart1Init           0x40'1b37   0x3c  Code  Gb  UartUtil.o [1]
Gpio_EnPinHyst {Abs}       0x869d         Code  Gb  rom-symbols-LLC.o [2]
Gpio_EnPinPuKeeper {Abs}
                           0x8655         Code  Gb  rom-symbols-LLC.o [2]
Gpio_EnPinPullup {Abs}     0x85c1         Code  Gb  rom-symbols-LLC.o [2]
Gpio_GetPinData {Abs}      0x84e9         Code  Gb  rom-symbols-LLC.o [2]
Gpio_GetPinDir {Abs}       0x8411         Code  Gb  rom-symbols-LLC.o [2]
Gpio_GetPinFunction {Abs}
                           0x87fd         Code  Gb  rom-symbols-LLC.o [2]
Gpio_GetPinPullupSel {Abs}
                           0x862d         Code  Gb  rom-symbols-LLC.o [2]
Gpio_GetPinReadSource {Abs}
                           0x8599         Code  Gb  rom-symbols-LLC.o [2]
Gpio_GetPortData {Abs}     0x8461         Code  Gb  rom-symbols-LLC.o [2]
Gpio_GetPortDir {Abs}      0x835d         Code  Gb  rom-symbols-LLC.o [2]
Gpio_InitPort {Abs}        0x8275         Code  Gb  rom-symbols-LLC.o [2]
Gpio_IsPinHystEn {Abs}     0x86bd         Code  Gb  rom-symbols-LLC.o [2]
Gpio_IsPinPuKeeperEn {Abs}
                           0x8675         Code  Gb  rom-symbols-LLC.o [2]
Gpio_IsPinPullupEn {Abs}
                           0x85e1         Code  Gb  rom-symbols-LLC.o [2]
Gpio_RdPortSetting {Abs}
                           0x831d         Code  Gb  rom-symbols-LLC.o [2]
Gpio_SelectPinPullup {Abs}
                           0x8609         Code  Gb  rom-symbols-LLC.o [2]
Gpio_SetPinData {Abs}      0x8481         Code  Gb  rom-symbols-LLC.o [2]
Gpio_SetPinDir {Abs}       0x83a9         Code  Gb  rom-symbols-LLC.o [2]
Gpio_SetPinFunction {Abs}
                           0x876d         Code  Gb  rom-symbols-LLC.o [2]
Gpio_SetPinReadSource {Abs}
                           0x8575         Code  Gb  rom-symbols-LLC.o [2]
Gpio_SetPortData {Abs}     0x8435         Code  Gb  rom-symbols-LLC.o [2]
Gpio_SetPortDir {Abs}      0x837d         Code  Gb  rom-symbols-LLC.o [2]
Gpio_SetPortFunction {Abs}
                           0x86e5         Code  Gb  rom-symbols-LLC.o [2]
Gpio_TogglePin {Abs}       0x850d         Code  Gb  rom-symbols-LLC.o [2]
Gpio_WrPortSetting {Abs}
                           0x82d9         Code  Gb  rom-symbols-LLC.o [2]
HexToAscii              0x40'1b89   0x16  Code  Lc  UartUtil.o [1]
I2c_CancelTransfer {Abs}
                           0x4b5d         Code  Gb  rom-symbols-LLC.o [2]
I2c_Disable {Abs}          0x49f9         Code  Gb  rom-symbols-LLC.o [2]
I2c_Enable {Abs}           0x49c5         Code  Gb  rom-symbols-LLC.o [2]
I2c_GetStatus {Abs}        0x4b45         Code  Gb  rom-symbols-LLC.o [2]
I2c_Init {Abs}             0x497d         Code  Gb  rom-symbols-LLC.o [2]
I2c_Isr {Abs}              0x4e29         Code  Gb  rom-symbols-LLC.o [2]
I2c_ReceiveData {Abs}      0x4ced         Code  Gb  rom-symbols-LLC.o [2]
I2c_RecoverBus {Abs}       0x4a41         Code  Gb  rom-symbols-LLC.o [2]
I2c_SendData {Abs}         0x4bdd         Code  Gb  rom-symbols-LLC.o [2]
I2c_SetCallbackFunction {Abs}
                           0x4aa9         Code  Gb  rom-symbols-LLC.o [2]
I2c_SetConfig {Abs}        0x4ac1         Code  Gb  rom-symbols-LLC.o [2]
ITC_DisableInterrupt {Abs}
                           0xffe1         Code  Gb  rom-symbols-LLC.o [2]
ITC_EnableInterrupt {Abs}
                           0xffc5         Code  Gb  rom-symbols-LLC.o [2]
ITC_Init {Abs}             0xfe9d         Code  Gb  rom-symbols-LLC.o [2]
ITC_SetIrqMinimumLevel {Abs}
                           0xfffd         Code  Gb  rom-symbols-LLC.o [2]
ITC_SetPriority {Abs}      0xfee9         Code  Gb  rom-symbols-LLC.o [2]
InitExecuteEntry        0x40'2e1d   0x68  Code  Gb  Init_Utils_patched.o [2]
InitFromFlash {Abs}        0xf97d         Code  Gb  rom-symbols-LLC.o [2]
InitFromMemory {Abs}       0xfaa5         Code  Gb  rom-symbols-LLC.o [2]
InitRifModuleVars       0x40'22b9    0xe  Code  Gb  rif.o [3]
Init_Delay              0x40'2e85         Code  Gb  Init_Delay_patched.o [2]
IntAssignHandler {Abs}     0xff25         Code  Gb  rom-symbols-LLC.o [2]
IntDisableAll {Abs}      0x1'07f8         Code  Gb  rom-symbols-LLC.o [2]
IntDisableFIQ {Abs}      0x1'07e0         Code  Gb  rom-symbols-LLC.o [2]
IntDisableIRQ {Abs}      0x1'07c8         Code  Gb  rom-symbols-LLC.o [2]
IntGetHandler {Abs}        0xff69         Code  Gb  rom-symbols-LLC.o [2]
IntRestoreAll {Abs}      0x1'07b0         Code  Gb  rom-symbols-LLC.o [2]
IntRestoreFIQ {Abs}      0x1'0780         Code  Gb  rom-symbols-LLC.o [2]
IntRestoreIRQ {Abs}      0x1'0798         Code  Gb  rom-symbols-LLC.o [2]
InterruptInit {Abs}        0xfe85         Code  Gb  rom-symbols-LLC.o [2]
IrqHandler {Abs}         0x1'0810         Code  Gb  rom-symbols-LLC.o [2]
MACA_Interrupt          0x40'2931  0x140  Code  Gb  MacaInterrupt.o [1]
MCPSDataRequest         0x40'1d95   0x1e  Code  Gb  WirelessLinkMngmt.o [1]
MLMEEnergyDetect        0x40'1deb   0x24  Code  Gb  WirelessLinkMngmt.o [1]
MLMEGetPromiscuousMode  0x40'1ea3    0x6  Code  Gb  TransceiverConfigMngmnt.o [1]
MLMEPAOutputAdjust      0x40'1e0f   0x18  Code  Gb  WirelessLinkMngmt.o [1]
MLMEPHYXtalAdjust       0x40'1e55   0x4e  Code  Gb  TransceiverConfigMngmnt.o [1]
MLMERXEnableRequest     0x40'1dd5    0xe  Code  Gb  WirelessLinkMngmt.o [1]
MLMERadioInit           0x40'1ea9   0x98  Code  Gb  TransceiverConfigMngmnt.o [1]
MLMERadioInit::i        0x40'3243    0x1  Data  Lc  TransceiverConfigMngmnt.o [1]
MLMESetChannelRequest   0x40'1db3   0x22  Code  Gb  WirelessLinkMngmt.o [1]
Main                    0x40'0971   0x6e  Code  Gb  repeater.o [1]
NVM_BlankCheck {Abs}       0x701d         Code  Gb  rom-symbols-LLC.o [2]
NVM_Detect {Abs}           0x6cb9         Code  Gb  rom-symbols-LLC.o [2]
NVM_Erase {Abs}            0x6e05         Code  Gb  rom-symbols-LLC.o [2]
NVM_Read {Abs}             0x6d69         Code  Gb  rom-symbols-LLC.o [2]
NVM_SetSVar {Abs}          0x7085         Code  Gb  rom-symbols-LLC.o [2]
NVM_Verify {Abs}           0x6f85         Code  Gb  rom-symbols-LLC.o [2]
NVM_Write {Abs}            0x6ec5         Code  Gb  rom-symbols-LLC.o [2]
PATCH_Ret_InitExecuteEntry
                        0x40'2e91         Code  Gb  rp_vector_IAR.o [2]
PlatformPortInit        0x40'1f79   0x40  Code  Gb  PlatformInit.o [1]
RP_Vector_Thumb_0       0x40'0021         Code  Gb  rp_vector_IAR.o [2]
RP_Vector_Thumb_1       0x40'0061         Code  Gb  rp_vector_IAR.o [2]
RP_Vector_Thumb_2       0x40'00a1         Code  Gb  rp_vector_IAR.o [2]
RP_Vector_Thumb_3       0x40'00e1         Code  Gb  rp_vector_IAR.o [2]
RX_msg                  0x40'30e4   0x10  Data  Gb  repeater.o [1]
RadioInit               0x40'2001   0xc0  Code  Gb  Synthesizer.o [3]
Region$$Table$$Base     0x40'2fa8          --   Gb  - Linker created -
Region$$Table$$Limit    0x40'2fc8          --   Gb  - Linker created -
Region_ROM_Table_ROM_Base {Abs}
                         0x1'1788         Data  Gb  rom-symbols-LLC.o [2]
Region_ROM_Table_ROM_Limit {Abs}
                         0x1'17a8         Data  Gb  rom-symbols-LLC.o [2]
ResetMaca               0x40'1e31   0x24  Code  Gb  maca.o [1]
ResumeMACASync          0x40'28b9   0x76  Code  Gb  MacaInterrupt.o [1]
SMAC_InitExecuteEntry   0x40'230d   0x80  Code  Lc  Init_Utils.o [3]
SMAC_InitFlybackSettings
                        0x40'21ad   0x28  Code  Gb  Synthesizer.o [3]
SMAC_InitFromFlash      0x40'238d   0xcc  Code  Gb  Init_Utils.o [3]
SPI_Abort {Abs}            0xcd61         Code  Gb  rom-symbols-LLC.o [2]
SPI_Close {Abs}            0xca7d         Code  Gb  rom-symbols-LLC.o [2]
SPI_GetConfig {Abs}        0xcb29         Code  Gb  rom-symbols-LLC.o [2]
SPI_GetRxAsync {Abs}       0xccfd         Code  Gb  rom-symbols-LLC.o [2]
SPI_GetStatus {Abs}        0xcdc9         Code  Gb  rom-symbols-LLC.o [2]
SPI_ISR {Abs}              0xcdd5         Code  Gb  rom-symbols-LLC.o [2]
SPI_Open {Abs}             0xca49         Code  Gb  rom-symbols-LLC.o [2]
SPI_ReadSync {Abs}         0xcc09         Code  Gb  rom-symbols-LLC.o [2]
SPI_SetCallback {Abs}      0xcda5         Code  Gb  rom-symbols-LLC.o [2]
SPI_SetConfig {Abs}        0xcaa1         Code  Gb  rom-symbols-LLC.o [2]
SPI_SetTxAsync {Abs}       0xcd35         Code  Gb  rom-symbols-LLC.o [2]
SPI_StartAsync {Abs}       0xcca1         Code  Gb  rom-symbols-LLC.o [2]
SPI_WriteSync {Abs}        0xcb81         Code  Gb  rom-symbols-LLC.o [2]
SSI_Abort {Abs}            0x4875         Code  Gb  rom-symbols-LLC.o [2]
SSI_Enable {Abs}           0x4251         Code  Gb  rom-symbols-LLC.o [2]
SSI_ISR {Abs}              0x490d         Code  Gb  rom-symbols-LLC.o [2]
SSI_Init {Abs}             0x4219         Code  Gb  rom-symbols-LLC.o [2]
SSI_RxData {Abs}           0x45f5         Code  Gb  rom-symbols-LLC.o [2]
SSI_SetClockConfig {Abs}
                           0x436d         Code  Gb  rom-symbols-LLC.o [2]
SSI_SetConfig {Abs}        0x42b9         Code  Gb  rom-symbols-LLC.o [2]
SSI_SetContinuousRxCallback {Abs}
                           0x4459         Code  Gb  rom-symbols-LLC.o [2]
SSI_SetRxCallback {Abs}
                           0x444d         Code  Gb  rom-symbols-LLC.o [2]
SSI_SetTxCallback {Abs}
                           0x4441         Code  Gb  rom-symbols-LLC.o [2]
SSI_SetTxRxConfig {Abs}
                           0x43d1         Code  Gb  rom-symbols-LLC.o [2]
SSI_StartContinuousRx {Abs}
                           0x472d         Code  Gb  rom-symbols-LLC.o [2]
SSI_TxData {Abs}           0x4465         Code  Gb  rom-symbols-LLC.o [2]
Scan_msg                0x40'2fd0   0x10  Data  Gb  RadioManagement.o [1]
SetChannel              0x40'20c1   0x6c  Code  Gb  Synthesizer.o [3]
SetComplementaryPAState
                        0x40'2259   0x18  Code  Gb  rif.o [3]
SetEdCcaThreshold       0x40'216d   0x18  Code  Gb  Synthesizer.o [3]
SetPower                0x40'21f5   0x64  Code  Gb  rif.o [3]
SetPowerLevelLockMode   0x40'2271   0x36  Code  Gb  rif.o [3]
TX_msg                  0x40'321c   0x10  Data  Gb  repeater.o [1]
TmrDisable {Abs}           0xa865         Code  Gb  rom-symbols-LLC.o [2]
TmrEnable {Abs}            0xa82d         Code  Gb  rom-symbols-LLC.o [2]
TmrGetCompStatusControl {Abs}
                           0xaaf1         Code  Gb  rom-symbols-LLC.o [2]
TmrGetConfig {Abs}         0xaa71         Code  Gb  rom-symbols-LLC.o [2]
TmrGetMode {Abs}           0xaa49         Code  Gb  rom-symbols-LLC.o [2]
TmrGetStatusControl {Abs}
                           0xaac9         Code  Gb  rom-symbols-LLC.o [2]
TmrInit {Abs}              0xa7ed         Code  Gb  rom-symbols-LLC.o [2]
TmrIsr {Abs}               0xab41         Code  Gb  rom-symbols-LLC.o [2]
TmrReadValue {Abs}         0xab19         Code  Gb  rom-symbols-LLC.o [2]
TmrSetCallbackFunction {Abs}
                           0xa9bd         Code  Gb  rom-symbols-LLC.o [2]
TmrSetCompStatusControl {Abs}
                           0xa999         Code  Gb  rom-symbols-LLC.o [2]
TmrSetConfig {Abs}         0xa901         Code  Gb  rom-symbols-LLC.o [2]
TmrSetMode {Abs}           0xa8a5         Code  Gb  rom-symbols-LLC.o [2]
TmrSetStatusControl {Abs}
                           0xa975         Code  Gb  rom-symbols-LLC.o [2]
TmrWriteValue {Abs}        0xaa2d         Code  Gb  rom-symbols-LLC.o [2]
UartCancelWriteData {Abs}
                           0x30f5         Code  Gb  rom-symbols-LLC.o [2]
UartClearErrors {Abs}      0x33ad         Code  Gb  rom-symbols-LLC.o [2]
UartClose {Abs}            0x3219         Code  Gb  rom-symbols-LLC.o [2]
UartEventRead1          0x40'1b73    0x2  Code  Gb  UartUtil.o [1]
UartEventWrite1         0x40'1b75    0x2  Code  Gb  UartUtil.o [1]
UartGetByteFromRxBuffer {Abs}
                           0x32fd         Code  Gb  rom-symbols-LLC.o [2]
UartGetConfig {Abs}        0x3179         Code  Gb  rom-symbols-LLC.o [2]
UartGetStatus {Abs}        0x312d         Code  Gb  rom-symbols-LLC.o [2]
UartGetUnreadBytesNumber {Abs}
                           0x3371         Code  Gb  rom-symbols-LLC.o [2]
UartIsr1 {Abs}             0x3275         Code  Gb  rom-symbols-LLC.o [2]
UartIsr2 {Abs}             0x32b9         Code  Gb  rom-symbols-LLC.o [2]
UartOpen {Abs}             0x2c4d         Code  Gb  rom-symbols-LLC.o [2]
UartOpenCloseTransceiver {Abs}
                           0x3385         Code  Gb  rom-symbols-LLC.o [2]
UartReadComplete {Abs}     0x3481         Code  Gb  rom-symbols-LLC.o [2]
UartReadData {Abs}         0x2fb9         Code  Gb  rom-symbols-LLC.o [2]
UartSetCTSThreshold {Abs}
                           0x2ec5         Code  Gb  rom-symbols-LLC.o [2]
UartSetCallbackFunctions {Abs}
                           0x2f71         Code  Gb  rom-symbols-LLC.o [2]
UartSetConfig {Abs}        0x2ccd         Code  Gb  rom-symbols-LLC.o [2]
UartSetHalfFlowControl {Abs}
                           0x33c1         Code  Gb  rom-symbols-LLC.o [2]
UartSetReceiverThreshold {Abs}
                           0x2e59         Code  Gb  rom-symbols-LLC.o [2]
UartSetTransmitterThreshold {Abs}
                           0x2f21         Code  Gb  rom-symbols-LLC.o [2]
UartWriteData {Abs}        0x3079         Code  Gb  rom-symbols-LLC.o [2]
Uart_Init               0x40'1abd   0x7a  Code  Gb  UartUtil.o [1]
Uart_Print              0x40'1b9f   0x36  Code  Gb  UartUtil.o [1]
Uart_PrintByteDec       0x40'1cb9   0x64  Code  Gb  UartUtil.o [1]
Uart_PrintHex           0x40'1c37   0x5e  Code  Gb  UartUtil.o [1]
Uart_PrintShortDec      0x40'1d1d   0x76  Code  Gb  UartUtil.o [1]
Uart_Tx                 0x40'1bd5   0x62  Code  Gb  UartUtil.o [1]
__aeabi_idiv {Abs}         0xfae8         Code  Gb  rom-symbols-LLC.o [2]
__aeabi_idiv0 {Abs}      0x1'0b5c         Code  Gb  rom-symbols-LLC.o [2]
__aeabi_idivmod {Abs}      0xfae8         Code  Gb  rom-symbols-LLC.o [2]
__aeabi_memcpy4         0x40'197c         Code  Gb  ABImemcpy.o [5]
__aeabi_memcpy8         0x40'197c         Code  Gb  ABImemcpy.o [5]
__aeabi_uidiv {Abs}        0xfaf8         Code  Gb  rom-symbols-LLC.o [2]
__aeabi_uidivmod {Abs}     0xfaf8         Code  Gb  rom-symbols-LLC.o [2]
__aeabi_uread4 {Abs}     0x1'0b0c         Code  Gb  rom-symbols-LLC.o [2]
__aeabi_uwrite4 {Abs}    0x1'0ae0         Code  Gb  rom-symbols-LLC.o [2]
__iar_data_init3        0x40'2bd5   0x30  Code  Gb  data_init.o [5]
__iar_packbits_init_single3
                        0x40'2f2d   0x40  Code  Gb  packbits_init_single.o [5]
__iar_zero_init3        0x40'2f6d   0x3c  Code  Gb  zero_init3.o [5]
__rom_data_init {Abs}    0x1'08d0         Code  Gb  rom-symbols-LLC.o [2]
_start_vector_          0x40'0000         Code  Gb  Init-IAR.o [1]
abort_message           0x40'1265   0x46  Code  Gb  RadioManagement.o [1]
ackBox                  0x40'3028   0x28  Data  Gb  RadioManagement.o [1]
bGetEnableLock          0x40'22a9    0xc  Code  Gb  rif.o [3]
bScanReqFlag            0x40'2fcb    0x1  Data  Gb  RadioManagement.o [1]
buffer_radio_init       0x40'3058   0x10  Data  Gb  Synthesizer.o [3]
calculate_ed_value      0x40'1891   0x1e  Code  Lc  RadioManagement.o [1]
cbProcessMsg_c          0x40'13d0   0x10  Data  Lc  RadioManagement.o [1]
cbRepeaterStFn_c        0x40'09e0    0xc  Data  Lc  repeater.o [1]
command_xcvr_ed         0x40'1615   0x28  Code  Gb  RadioManagement.o [1]
current_msg             0x40'2fc9    0x1  Data  Lc  RadioManagement.o [1]
dataRX                  0x40'311c   0x80  Data  Gb  repeater.o [1]
dataScan                0x40'3024    0x1  Data  Gb  RadioManagement.o [1]
dataTX                  0x40'319c   0x80  Data  Gb  repeater.o [1]
data_indication_execute
                        0x40'0a05   0x26  Code  Gb  repeater.o [1]
display_config          0x40'0b41   0x74  Code  Lc  repeater.o [1]
display_menu            0x40'0a2d   0x4a  Code  Lc  repeater.o [1]
execute_command         0x40'0bf5  0x132  Code  Lc  repeater.o [1]
execute_current_message_callback
                        0x40'12d9   0x20  Code  Gb  RadioManagement.o [1]
fill_ram_struct         0x40'2185   0x16  Code  Gb  Synthesizer.o [3]
flag                    0x40'3241    0x1  Data  Gb  MacaInterrupt.o [1]
gAIMVAL_c               0x40'2ca0   0x4c  Data  Gb  rif.o [3]
gLCDNormalFont {Abs}     0x1'1028         Data  Gb  rom-symbols-LLC.o [2]
gLCDNormalIndex {Abs}    0x1'13ac         Data  Gb  rom-symbols-LLC.o [2]
gLCDVerdanaFont {Abs}    0x1'0b74         Data  Gb  rom-symbols-LLC.o [2]
gLCDVerdanaIndex {Abs}   0x1'146c         Data  Gb  rom-symbols-LLC.o [2]
gPAVAL_c                0x40'2c54   0x4c  Data  Gb  rif.o [3]
gPSMVAL_c               0x40'2c08   0x4c  Data  Gb  rif.o [3]
gRadioEvntFlags         0x40'3018    0x4  Data  Gb  RadioManagement.o [1]
gRadioInit_RegReplacement_c
                        0x40'2750  0x158  Data  Gb  Synthesizer.o [3]
gRadioTOCCal1           0x40'30bc   0x28  Data  Gb  Synthesizer.o [3]
gRadioTOCCal2_24MHz_c   0x40'2688    0x8  Data  Gb  Synthesizer.o [3]
gRadioTOCCal2_None24MHz_c
                        0x40'3068   0x30  Data  Gb  Synthesizer.o [3]
gRadioTOCCal3_c         0x40'2690   0xb8  Data  Gb  Synthesizer.o [3]
gRadioTOCCal4_None24MHz_c
                        0x40'2748    0x8  Data  Gb  Synthesizer.o [3]
gRadioTOCCal5           0x40'3098   0x20  Data  Gb  Synthesizer.o [3]
gaRFSynVCODivF_c        0x40'2eec   0x40  Data  Gb  RadioManagement.o [1]
gaRFSynVCODivI_c        0x40'177c   0x10  Data  Gb  RadioManagement.o [1]
gbDataIndicationFlag    0x40'30f4    0x1  Data  Gb  repeater.o [1]
gbRdyToProcessEvnt      0x40'30f5    0x1  Data  Gb  repeater.o [1]
get_ctov                0x40'21d5   0x1c  Code  Gb  Synthesizer.o [3]
get_next_chann_to_scan  0x40'192d   0x2a  Code  Gb  RadioManagement.o [1]
gu16SCINumOfBytes       0x40'323a    0x2  Data  Gb  UartUtil.o [1]
gu8SCIDataFlag          0x40'3239    0x1  Data  Gb  UartUtil.o [1]
gu8SCIStatus            0x40'3238    0x1  Data  Gb  UartUtil.o [1]
handle_new_message      0x40'12f9   0x32  Code  Gb  RadioManagement.o [1]
isUartDataRdy           0x40'30f6    0x1  Data  Gb  repeater.o [1]
is_a_handled_message    0x40'12b1   0x28  Code  Lc  RadioManagement.o [1]
mAbortStates            0x40'12ac    0x4  Data  Lc  RadioManagement.o [1]
mExceptionHandlerDataAbort {Abs}
                        0x40'0158         Data  Gb  rom-symbols-LLC.o [2]
mExceptionHandlerPrefetchAbort {Abs}
                        0x40'0154         Data  Gb  rom-symbols-LLC.o [2]
mExceptionHandlerSupervisor {Abs}
                        0x40'0150         Data  Gb  rom-symbols-LLC.o [2]
mExceptionHandlerUndefined {Abs}
                        0x40'014c         Data  Gb  rom-symbols-LLC.o [2]
mHandlerTable {Abs}     0x40'0120         Data  Gb  rom-symbols-LLC.o [2]
mInitDenyVregCntlOvr    0x40'3245    0x1  Data  Gb  Init_Utils_patched.o [2]
mIsComplementaryPaEnable
                        0x40'322e    0x1  Data  Lc  rif.o [3]
mIsEnableLock           0x40'322f    0x1  Data  Lc  rif.o [3]
mIsPromiscousMode       0x40'3242    0x1  Data  Lc  TransceiverConfigMngmnt.o [1]
mMacaIsrEntryCounter    0x40'3240    0x1  Data  Lc  MacaInterrupt.o [1]
mRetries_timmer         0x40'2fc8    0x1  Data  Lc  RadioManagement.o [1]
mSftclk_offset          0x40'3014    0x4  Data  Lc  RadioManagement.o [1]
mUartModule {Abs}       0x40'033c         Data  Gb  rom-symbols-LLC.o [2]
maMessageTO             0x40'3004   0x10  Data  Lc  RadioManagement.o [1]
maMessage_Queu          0x40'2ff4   0x10  Data  Lc  RadioManagement.o [1]
next_msg_to_store       0x40'2fca    0x1  Data  Lc  RadioManagement.o [1]
print_n_blank_spaces    0x40'110d   0x20  Code  Lc  repeater.o [1]
process_change_delay    0x40'0f15   0xd2  Code  Lc  repeater.o [1]
process_change_delay::u16MicroSecsTmp
                        0x40'3232    0x2  Data  Lc  repeater.o [1]
process_change_delay::u32MilliSecsTmp
                        0x40'3234    0x4  Data  Lc  repeater.o [1]
process_change_delay::u8ChgDlySt
                        0x40'3230    0x1  Data  Lc  repeater.o [1]
process_change_delay::u8DigitCount
                        0x40'3231    0x1  Data  Lc  repeater.o [1]
process_ed_msg          0x40'1651  0x124  Code  Lc  RadioManagement.o [1]
process_ed_msg::prev_chann
                        0x40'3020    0x4  Data  Lc  RadioManagement.o [1]
process_radio_msg       0x40'1399   0x38  Code  Gb  RadioManagement.o [1]
process_ready_prompt    0x40'0d75   0x3c  Code  Lc  repeater.o [1]
process_ready_prompt::u8RdySt
                        0x40'3244    0x1  Data  Lc  repeater.o [1]
process_repeater_run    0x40'0db1   0x2c  Code  Lc  repeater.o [1]
process_rx_msg          0x40'14d1  0x136  Code  Lc  RadioManagement.o [1]
process_scan_req        0x40'18af   0x78  Code  Gb  RadioManagement.o [1]
process_scan_req::EdCh2Evaluate
                        0x40'2fce    0x1  Data  Lc  RadioManagement.o [1]
process_scan_req::bestChann
                        0x40'2fcd    0x1  Data  Lc  RadioManagement.o [1]
process_scan_req::isSecondPass
                        0x40'2fcf    0x1  Data  Lc  RadioManagement.o [1]
process_scan_req::u8BestVal
                        0x40'2fcc    0x1  Data  Lc  RadioManagement.o [1]
process_to_msg          0x40'178d   0xf6  Code  Lc  RadioManagement.o [1]
process_tx_msg          0x40'13e1   0xe2  Code  Lc  RadioManagement.o [1]
radio_manager_init      0x40'134f   0x46  Code  Gb  RadioManagement.o [1]
ram_init_val            0x40'3050    0x4  Data  Gb  Synthesizer.o [3]
release_current_message
                        0x40'132b   0x24  Code  Gb  RadioManagement.o [1]
repeater_app_init       0x40'0ff9  0x114  Code  Lc  repeater.o [1]
repeater_run_sm         0x40'0ded  0x118  Code  Lc  repeater.o [1]
repeater_rx_cb          0x40'09ed   0x18  Code  Gb  repeater.o [1]
reset_vector {Abs}            0x0         Code  Gb  rom-symbols-LLC.o [2]
sRepeaterDelay          0x40'3114    0x4  Data  Gb  repeater.o [1]
sRepeaterStat           0x40'310c    0x8  Data  Gb  repeater.o [1]
u16ChannToScan          0x40'2ff0    0x2  Data  Gb  RadioManagement.o [1]
u32RepeatRxTimeOut      0x40'3118    0x4  Data  Gb  repeater.o [1]
u32SystemClock          0x40'30b8    0x4  Data  Gb  Synthesizer.o [3]
u8RamValues             0x40'323c    0x4  Data  Gb  Init_Utils.o [3]
u8RepOpMode             0x40'30f7    0x1  Data  Gb  repeater.o [1]
u8RepOpModeText         0x40'0bd0   0x14  Data  Gb  repeater.o [1]
u8RepRdyPrompt          0x40'1254    0xc  Data  Gb  repeater.o [1]
u8RepeaterChann         0x40'30f9    0x1  Data  Gb  repeater.o [1]
u8RepeaterPower         0x40'30f8    0x1  Data  Gb  repeater.o [1]
u8RepeaterRunSt         0x40'30fb    0x1  Data  Gb  repeater.o [1]
u8RepeaterState         0x40'30fa    0x1  Data  Gb  repeater.o [1]
u8ScanValPerChann       0x40'2fe0   0x10  Data  Gb  RadioManagement.o [1]
u8UartBuffer            0x40'30fc    0x8  Data  Gb  repeater.o [1]
u8UartData              0x40'3104    0x8  Data  Gb  repeater.o [1]
u8UartDataSz            0x40'322c    0x1  Data  Gb  repeater.o [1]
u8WrongChar             0x40'2648   0x40  Data  Gb  repeater.o [1]
u8mCurrentChann         0x40'3054    0x1  Data  Lc  Synthesizer.o [3]
u8mCurrentPowerLvl      0x40'322d    0x1  Data  Lc  rif.o [3]
vScanReqCallBack        0x40'301c    0x4  Data  Gb  RadioManagement.o [1]


[1] = D:\Users\Brus\Documents\Uni\Wireless Sensors Networks M\Project\WSNBP\repeater_test\Repeater\Release\Obj
[2] = LLC.a
[3] = MC1322x.a
[4] = dl4t_tln.a
[5] = rt4t_al.a

  8 182 bytes of readonly  code memory
  1 924 bytes of readonly  data memory
  5 502 bytes of readwrite data memory

Errors: none
Warnings: none
